Archive member included to satisfy reference by file (symbol)

c:/intelfpga_lite/23.1std/nios2eds/bin/gnu/h-x86_64-mingw32/bin/../lib/gcc/nios2-elf/12.3.1/../../../../../H-x86_64-mingw32/nios2-elf/lib/mno-hw-mul\libc.a(libc_a-puts.o)
                              obj/default/hello_world.o (puts)
c:/intelfpga_lite/23.1std/nios2eds/bin/gnu/h-x86_64-mingw32/bin/../lib/gcc/nios2-elf/12.3.1/../../../../../H-x86_64-mingw32/nios2-elf/lib/mno-hw-mul\libc.a(libc_a-strlen.o)
                              c:/intelfpga_lite/23.1std/nios2eds/bin/gnu/h-x86_64-mingw32/bin/../lib/gcc/nios2-elf/12.3.1/../../../../../H-x86_64-mingw32/nios2-elf/lib/mno-hw-mul\libc.a(libc_a-puts.o) (strlen)
c:/intelfpga_lite/23.1std/nios2eds/bin/gnu/h-x86_64-mingw32/bin/../lib/gcc/nios2-elf/12.3.1/../../../../../H-x86_64-mingw32/nios2-elf/lib/mno-hw-mul\libc.a(libc_a-impure.o)
                              c:/intelfpga_lite/23.1std/nios2eds/bin/gnu/h-x86_64-mingw32/bin/../lib/gcc/nios2-elf/12.3.1/../../../../../H-x86_64-mingw32/nios2-elf/lib/mno-hw-mul\libc.a(libc_a-puts.o) (_impure_ptr)
c:/intelfpga_lite/23.1std/nios2eds/bin/gnu/h-x86_64-mingw32/bin/../lib/gcc/nios2-elf/12.3.1/../../../../../H-x86_64-mingw32/nios2-elf/lib/mno-hw-mul\libc.a(libc_a-findfp.o)
                              c:/intelfpga_lite/23.1std/nios2eds/bin/gnu/h-x86_64-mingw32/bin/../lib/gcc/nios2-elf/12.3.1/../../../../../H-x86_64-mingw32/nios2-elf/lib/mno-hw-mul\libc.a(libc_a-impure.o) (__sf)
c:/intelfpga_lite/23.1std/nios2eds/bin/gnu/h-x86_64-mingw32/bin/../lib/gcc/nios2-elf/12.3.1/../../../../../H-x86_64-mingw32/nios2-elf/lib/mno-hw-mul\libc.a(libc_a-fvwrite.o)
                              c:/intelfpga_lite/23.1std/nios2eds/bin/gnu/h-x86_64-mingw32/bin/../lib/gcc/nios2-elf/12.3.1/../../../../../H-x86_64-mingw32/nios2-elf/lib/mno-hw-mul\libc.a(libc_a-puts.o) (__sfvwrite_r)
c:/intelfpga_lite/23.1std/nios2eds/bin/gnu/h-x86_64-mingw32/bin/../lib/gcc/nios2-elf/12.3.1/../../../../../H-x86_64-mingw32/nios2-elf/lib/mno-hw-mul\libc.a(libc_a-fwalk.o)
                              c:/intelfpga_lite/23.1std/nios2eds/bin/gnu/h-x86_64-mingw32/bin/../lib/gcc/nios2-elf/12.3.1/../../../../../H-x86_64-mingw32/nios2-elf/lib/mno-hw-mul\libc.a(libc_a-findfp.o) (_fwalk_sglue)
c:/intelfpga_lite/23.1std/nios2eds/bin/gnu/h-x86_64-mingw32/bin/../lib/gcc/nios2-elf/12.3.1/../../../../../H-x86_64-mingw32/nios2-elf/lib/mno-hw-mul\libc.a(libc_a-stdio.o)
                              c:/intelfpga_lite/23.1std/nios2eds/bin/gnu/h-x86_64-mingw32/bin/../lib/gcc/nios2-elf/12.3.1/../../../../../H-x86_64-mingw32/nios2-elf/lib/mno-hw-mul\libc.a(libc_a-findfp.o) (__sread)
c:/intelfpga_lite/23.1std/nios2eds/bin/gnu/h-x86_64-mingw32/bin/../lib/gcc/nios2-elf/12.3.1/../../../../../H-x86_64-mingw32/nios2-elf/lib/mno-hw-mul\libc.a(libc_a-wsetup.o)
                              c:/intelfpga_lite/23.1std/nios2eds/bin/gnu/h-x86_64-mingw32/bin/../lib/gcc/nios2-elf/12.3.1/../../../../../H-x86_64-mingw32/nios2-elf/lib/mno-hw-mul\libc.a(libc_a-fvwrite.o) (__swsetup_r)
c:/intelfpga_lite/23.1std/nios2eds/bin/gnu/h-x86_64-mingw32/bin/../lib/gcc/nios2-elf/12.3.1/../../../../../H-x86_64-mingw32/nios2-elf/lib/mno-hw-mul\libc.a(libc_a-memchr.o)
                              c:/intelfpga_lite/23.1std/nios2eds/bin/gnu/h-x86_64-mingw32/bin/../lib/gcc/nios2-elf/12.3.1/../../../../../H-x86_64-mingw32/nios2-elf/lib/mno-hw-mul\libc.a(libc_a-fvwrite.o) (memchr)
c:/intelfpga_lite/23.1std/nios2eds/bin/gnu/h-x86_64-mingw32/bin/../lib/gcc/nios2-elf/12.3.1/../../../../../H-x86_64-mingw32/nios2-elf/lib/mno-hw-mul\libc.a(libc_a-memcpy.o)
                              c:/intelfpga_lite/23.1std/nios2eds/bin/gnu/h-x86_64-mingw32/bin/../lib/gcc/nios2-elf/12.3.1/../../../../../H-x86_64-mingw32/nios2-elf/lib/mno-hw-mul\libc.a(libc_a-fvwrite.o) (memcpy)
c:/intelfpga_lite/23.1std/nios2eds/bin/gnu/h-x86_64-mingw32/bin/../lib/gcc/nios2-elf/12.3.1/../../../../../H-x86_64-mingw32/nios2-elf/lib/mno-hw-mul\libc.a(libc_a-memmove.o)
                              c:/intelfpga_lite/23.1std/nios2eds/bin/gnu/h-x86_64-mingw32/bin/../lib/gcc/nios2-elf/12.3.1/../../../../../H-x86_64-mingw32/nios2-elf/lib/mno-hw-mul\libc.a(libc_a-fvwrite.o) (memmove)
c:/intelfpga_lite/23.1std/nios2eds/bin/gnu/h-x86_64-mingw32/bin/../lib/gcc/nios2-elf/12.3.1/../../../../../H-x86_64-mingw32/nios2-elf/lib/mno-hw-mul\libc.a(libc_a-memset.o)
                              c:/intelfpga_lite/23.1std/nios2eds/bin/gnu/h-x86_64-mingw32/bin/../lib/gcc/nios2-elf/12.3.1/../../../../../H-x86_64-mingw32/nios2-elf/lib/mno-hw-mul\libc.a(libc_a-findfp.o) (memset)
c:/intelfpga_lite/23.1std/nios2eds/bin/gnu/h-x86_64-mingw32/bin/../lib/gcc/nios2-elf/12.3.1/../../../../../H-x86_64-mingw32/nios2-elf/lib/mno-hw-mul\libc.a(libc_a-closer.o)
                              c:/intelfpga_lite/23.1std/nios2eds/bin/gnu/h-x86_64-mingw32/bin/../lib/gcc/nios2-elf/12.3.1/../../../../../H-x86_64-mingw32/nios2-elf/lib/mno-hw-mul\libc.a(libc_a-stdio.o) (_close_r)
[...]
Memory Configuration

Name             Origin             Length             Attributes
reset            0x00010000         0x00000020
onchip_memory2_0 0x00010020         0x0000bfe0
*default*        0x00000000         0xffffffff

Linker script and memory map

LOAD c:/Users/jongh/Documents/repo/Cyclone_V_NIOS_II/software/hello_world_bsp//obj/HAL/src/crt0.o
LOAD obj/default/hello_world.o
LOAD c:/intelfpga_lite/23.1std/nios2eds/bin/gnu/h-x86_64-mingw32/bin/../lib/gcc/nios2-elf/12.3.1/../../../../../H-x86_64-mingw32/nios2-elf/lib/mno-hw-mul\libstdc++.a
LOAD c:/intelfpga_lite/23.1std/nios2eds/bin/gnu/h-x86_64-mingw32/bin/../lib/gcc/nios2-elf/12.3.1/../../../../../H-x86_64-mingw32/nios2-elf/lib/mno-hw-mul\libm.a
LOAD c:/intelfpga_lite/23.1std/nios2eds/bin/gnu/h-x86_64-mingw32/bin/../lib/gcc/nios2-elf/12.3.1/mno-hw-mul\libgcc.a
START GROUP
LOAD c:/intelfpga_lite/23.1std/nios2eds/bin/gnu/h-x86_64-mingw32/bin/../lib/gcc/nios2-elf/12.3.1/../../../../../H-x86_64-mingw32/nios2-elf/lib/mno-hw-mul\libc.a
LOAD c:/intelfpga_lite/23.1std/nios2eds/bin/gnu/h-x86_64-mingw32/bin/../lib/gcc/nios2-elf/12.3.1/mno-hw-mul\libgcc.a
LOAD c:/Users/jongh/Documents/repo/Cyclone_V_NIOS_II/software/hello_world_bsp/\libhal_bsp.a
LOAD c:/intelfpga_lite/23.1std/nios2eds/bin/gnu/h-x86_64-mingw32/bin/../lib/gcc/nios2-elf/12.3.1/../../../../../H-x86_64-mingw32/nios2-elf/lib/mno-hw-mul\libm.a
END GROUP
LOAD c:/intelfpga_lite/23.1std/nios2eds/bin/gnu/h-x86_64-mingw32/bin/../lib/gcc/nios2-elf/12.3.1/mno-hw-mul\libgcc.a
                0x00010000                        __alt_mem_onchip_memory2_0 = 0x10000

.entry          0x00010000       0x20
 *(.entry)
 .entry         0x00010000       0x20 c:/Users/jongh/Documents/repo/Cyclone_V_NIOS_II/software/hello_world_bsp//obj/HAL/src/crt0.o
                0x00010000                __reset

.exceptions     0x00010020      0x204
                0x00010020                        PROVIDE (__ram_exceptions_start = ABSOLUTE (.))
                0x00010020                        . = ALIGN (0x20)
 *(.irq)
 *(.exceptions.entry.label)
 .exceptions.entry.label
                0x00010020        0x0 c:/Users/jongh/Documents/repo/Cyclone_V_NIOS_II/software/hello_world_bsp/\libhal_bsp.a(alt_irq_entry.o)
                0x00010020                alt_irq_entry
 .exceptions.entry.label
                0x00010020        0x0 c:/Users/jongh/Documents/repo/Cyclone_V_NIOS_II/software/hello_world_bsp/\libhal_bsp.a(alt_exception_entry.o)
                0x00010020                alt_exception
 *(.exceptions.entry.user)
 *(.exceptions.entry.ecc_fatal)
 *(.exceptions.entry)
 .exceptions.entry
                0x00010020       0x54 c:/Users/jongh/Documents/repo/Cyclone_V_NIOS_II/software/hello_world_bsp/\libhal_bsp.a(alt_exception_entry.o)
 *(.exceptions.irqtest.user)
 *(.exceptions.irqtest)
 .exceptions.irqtest
                0x00010074       0x10 c:/Users/jongh/Documents/repo/Cyclone_V_NIOS_II/software/hello_world_bsp/\libhal_bsp.a(alt_irq_entry.o)
 *(.exceptions.irqhandler.user)
 *(.exceptions.irqhandler)
 .exceptions.irqhandler
                0x00010084        0x4 c:/Users/jongh/Documents/repo/Cyclone_V_NIOS_II/software/hello_world_bsp/\libhal_bsp.a(alt_irq_entry.o)
 *(.exceptions.irqreturn.user)
 *(.exceptions.irqreturn)
 .exceptions.irqreturn
                0x00010088        0x4 c:/Users/jongh/Documents/repo/Cyclone_V_NIOS_II/software/hello_world_bsp/\libhal_bsp.a(alt_irq_entry.o)
 *(.exceptions.notirq.label)
 .exceptions.notirq.label
                0x0001008c        0x0 c:/Users/jongh/Documents/repo/Cyclone_V_NIOS_II/software/hello_world_bsp/\libhal_bsp.a(alt_irq_entry.o)
 *(.exceptions.notirq.user)
 *(.exceptions.notirq)
 .exceptions.notirq
                0x0001008c        0x8 c:/Users/jongh/Documents/repo/Cyclone_V_NIOS_II/software/hello_world_bsp/\libhal_bsp.a(alt_exception_entry.o)
 *(.exceptions.soft.user)
 *(.exceptions.soft)
 *(.exceptions.unknown.user)
 *(.exceptions.unknown)
 .exceptions.unknown
                0x00010094       0x14 c:/Users/jongh/Documents/repo/Cyclone_V_NIOS_II/software/hello_world_bsp/\libhal_bsp.a(alt_exception_entry.o)
 *(.exceptions.exit.label)
 .exceptions.exit.label
                0x000100a8        0x0 c:/Users/jongh/Documents/repo/Cyclone_V_NIOS_II/software/hello_world_bsp/\libhal_bsp.a(alt_irq_entry.o)
 .exceptions.exit.label
                0x000100a8        0x0 c:/Users/jongh/Documents/repo/Cyclone_V_NIOS_II/software/hello_world_bsp/\libhal_bsp.a(alt_exception_entry.o)
 *(.exceptions.exit.user)
 *(.exceptions.exit)
 .exceptions.exit
                0x000100a8       0x54 c:/Users/jongh/Documents/repo/Cyclone_V_NIOS_II/software/hello_world_bsp/\libhal_bsp.a(alt_exception_entry.o)
 *(.exceptions)
 .exceptions    0x000100fc       0xc8 c:/Users/jongh/Documents/repo/Cyclone_V_NIOS_II/software/hello_world_bsp/\libhal_bsp.a(alt_irq_handler.o)
                0x000100fc                alt_irq_handler
 .exceptions    0x000101c4       0x60 c:/Users/jongh/Documents/repo/Cyclone_V_NIOS_II/software/hello_world_bsp/\libhal_bsp.a(alt_instruction_exception_entry.o)
                0x000101c4                alt_instruction_exception_entry
                0x00010224                        PROVIDE (__ram_exceptions_end = ABSOLUTE (.))
                0x00010020                        PROVIDE (__flash_exceptions_start = LOADADDR (.exceptions))

.text           0x00010224     0x5508
                [!provide]                        PROVIDE (stext = ABSOLUTE (.))
 *(.interp)
 *(.hash)
 *(.dynsym)
 *(.dynstr)
 *(.gnu.version)
 *(.gnu.version_d)
 *(.gnu.version_r)
 *(.rel.init)
 *(.rela.init)
 *(.rel.text .rel.text.* .rel.gnu.linkonce.t.*)
 *(.rela.text .rela.text.* .rela.gnu.linkonce.t.*)
 *(.rel.fini)
 *(.rela.fini)
 *(.rel.rodata .rel.rodata.* .rel.gnu.linkonce.r.*)
 *(.rela.rodata .rela.rodata.* .rela.gnu.linkonce.r.*)
 *(.rel.data .rel.data.* .rel.gnu.linkonce.d.*)
 *(.rela.data .rela.data.* .rela.gnu.linkonce.d.*)
 *(.rel.tdata .rel.tdata.* .rel.gnu.linkonce.td.*)
 *(.rela.tdata .rela.tdata.* .rela.gnu.linkonce.td.*)
 *(.rel.tbss .rel.tbss.* .rel.gnu.linkonce.tb.*)
 *(.rela.tbss .rela.tbss.* .rela.gnu.linkonce.tb.*)
 *(.rel.ctors)
 *(.rela.ctors)
 *(.rel.dtors)
 *(.rela.dtors)
 *(.rel.got)
 *(.rela.got)
 *(.rel.sdata .rel.sdata.* .rel.gnu.linkonce.s.*)
 *(.rela.sdata .rela.sdata.* .rela.gnu.linkonce.s.*)
 *(.rel.sbss .rel.sbss.* .rel.gnu.linkonce.sb.*)
 *(.rela.sbss .rela.sbss.* .rela.gnu.linkonce.sb.*)
 *(.rel.sdata2 .rel.sdata2.* .rel.gnu.linkonce.s2.*)
 *(.rela.sdata2 .rela.sdata2.* .rela.gnu.linkonce.s2.*)
 *(.rel.sbss2 .rel.sbss2.* .rel.gnu.linkonce.sb2.*)
 *(.rela.sbss2 .rela.sbss2.* .rela.gnu.linkonce.sb2.*)
 *(.rel.bss .rel.bss.* .rel.gnu.linkonce.b.*)
 *(.rela.bss .rela.bss.* .rela.gnu.linkonce.b.*)
 *(.rel.plt)
 *(.rela.plt)
 *(.rel.dyn)
 *(.init)
 *(.plt)
 *(.text .stub .text.* .gnu.linkonce.t.*)
 .text          0x00010224       0x3c c:/Users/jongh/Documents/repo/Cyclone_V_NIOS_II/software/hello_world_bsp//obj/HAL/src/crt0.o
                0x00010224                _start
 .text          0x00010260       0x74 obj/default/hello_world.o
                0x00010260                main
 .text          0x000102d4        0x0 c:/intelfpga_lite/23.1std/nios2eds/bin/gnu/h-x86_64-mingw32/bin/../lib/gcc/nios2-elf/12.3.1/../../../../../H-x86_64-mingw32/nios2-elf/lib/mno-hw-mul\libc.a(libc_a-puts.o)
 .text._puts_r  0x000102d4       0xd0 c:/intelfpga_lite/23.1std/nios2eds/bin/gnu/h-x86_64-mingw32/bin/../lib/gcc/nios2-elf/12.3.1/../../../../../H-x86_64-mingw32/nios2-elf/lib/mno-hw-mul\libc.a(libc_a-puts.o)
                0x000102d4                _puts_r
 .text.puts     0x000103a4       0x10 c:/intelfpga_lite/23.1std/nios2eds/bin/gnu/h-x86_64-mingw32/bin/../lib/gcc/nios2-elf/12.3.1/../../../../../H-x86_64-mingw32/nios2-elf/lib/mno-hw-mul\libc.a(libc_a-puts.o)
                0x000103a4                puts
 .text          0x000103b4        0x0 c:/intelfpga_lite/23.1std/nios2eds/bin/gnu/h-x86_64-mingw32/bin/../lib/gcc/nios2-elf/12.3.1/../../../../../H-x86_64-mingw32/nios2-elf/lib/mno-hw-mul\libc.a(libc_a-strlen.o)
 .text.strlen   0x000103b4       0x98 c:/intelfpga_lite/23.1std/nios2eds/bin/gnu/h-x86_64-mingw32/bin/../lib/gcc/nios2-elf/12.3.1/../../../../../H-x86_64-mingw32/nios2-elf/lib/mno-hw-mul\libc.a(libc_a-strlen.o)
                0x000103b4                strlen
 .text          0x0001044c        0x0 c:/intelfpga_lite/23.1std/nios2eds/bin/gnu/h-x86_64-mingw32/bin/../lib/gcc/nios2-elf/12.3.1/../../../../../H-x86_64-mingw32/nios2-elf/lib/mno-hw-mul\libc.a(libc_a-impure.o)
 .text          0x0001044c        0x0 c:/intelfpga_lite/23.1std/nios2eds/bin/gnu/h-x86_64-mingw32/bin/../lib/gcc/nios2-elf/12.3.1/../../../../../H-x86_64-mingw32/nios2-elf/lib/mno-hw-mul\libc.a(libc_a-findfp.o)
 .text.__fp_lock
                0x0001044c        0x8 c:/intelfpga_lite/23.1std/nios2eds/bin/gnu/h-x86_64-mingw32/bin/../lib/gcc/nios2-elf/12.3.1/../../../../../H-x86_64-mingw32/nios2-elf/lib/mno-hw-mul\libc.a(libc_a-findfp.o)
 .text.stdio_exit_handler
                0x00010454       0x1c c:/intelfpga_lite/23.1std/nios2eds/bin/gnu/h-x86_64-mingw32/bin/../lib/gcc/nios2-elf/12.3.1/../../../../../H-x86_64-mingw32/nios2-elf/lib/mno-hw-mul\libc.a(libc_a-findfp.o)
 .text.cleanup_stdio
                0x00010470       0x70 c:/intelfpga_lite/23.1std/nios2eds/bin/gnu/h-x86_64-mingw32/bin/../lib/gcc/nios2-elf/12.3.1/../../../../../H-x86_64-mingw32/nios2-elf/lib/mno-hw-mul\libc.a(libc_a-findfp.o)
 .text.__fp_unlock
                0x000104e0        0x8 c:/intelfpga_lite/23.1std/nios2eds/bin/gnu/h-x86_64-mingw32/bin/../lib/gcc/nios2-elf/12.3.1/../../../../../H-x86_64-mingw32/nios2-elf/lib/mno-hw-mul\libc.a(libc_a-findfp.o)
 .text.global_stdio_init.part.0
                0x000104e8      0x174 c:/intelfpga_lite/23.1std/nios2eds/bin/gnu/h-x86_64-mingw32/bin/../lib/gcc/nios2-elf/12.3.1/../../../../../H-x86_64-mingw32/nios2-elf/lib/mno-hw-mul\libc.a(libc_a-findfp.o)
 .text.__sfp    0x0001065c      0x120 c:/intelfpga_lite/23.1std/nios2eds/bin/gnu/h-x86_64-mingw32/bin/../lib/gcc/nios2-elf/12.3.1/../../../../../H-x86_64-mingw32/nios2-elf/lib/mno-hw-mul\libc.a(libc_a-findfp.o)
                0x0001065c                __sfp
 .text.__sinit  0x0001077c       0x28 c:/intelfpga_lite/23.1std/nios2eds/bin/gnu/h-x86_64-mingw32/bin/../lib/gcc/nios2-elf/12.3.1/../../../../../H-x86_64-mingw32/nios2-elf/lib/mno-hw-mul\libc.a(libc_a-findfp.o)
                0x0001077c                __sinit
 .text.__sfp_lock_acquire
                0x000107a4        0x4 c:/intelfpga_lite/23.1std/nios2eds/bin/gnu/h-x86_64-mingw32/bin/../lib/gcc/nios2-elf/12.3.1/../../../../../H-x86_64-mingw32/nios2-elf/lib/mno-hw-mul\libc.a(libc_a-findfp.o)
                0x000107a4                __sfp_lock_acquire
 .text.__sfp_lock_release
                0x000107a8        0x4 c:/intelfpga_lite/23.1std/nios2eds/bin/gnu/h-x86_64-mingw32/bin/../lib/gcc/nios2-elf/12.3.1/../../../../../H-x86_64-mingw32/nios2-elf/lib/mno-hw-mul\libc.a(libc_a-findfp.o)
                0x000107a8                __sfp_lock_release
 .text.__fp_lock_all
                0x000107ac       0x18 c:/intelfpga_lite/23.1std/nios2eds/bin/gnu/h-x86_64-mingw32/bin/../lib/gcc/nios2-elf/12.3.1/../../../../../H-x86_64-mingw32/nios2-elf/lib/mno-hw-mul\libc.a(libc_a-findfp.o)
                0x000107ac                __fp_lock_all
 .text.__fp_unlock_all
                0x000107c4       0x18 c:/intelfpga_lite/23.1std/nios2eds/bin/gnu/h-x86_64-mingw32/bin/../lib/gcc/nios2-elf/12.3.1/../../../../../H-x86_64-mingw32/nios2-elf/lib/mno-hw-mul\libc.a(libc_a-findfp.o)
                0x000107c4                __fp_unlock_all
 .text          0x000107dc        0x0 c:/intelfpga_lite/23.1std/nios2eds/bin/gnu/h-x86_64-mingw32/bin/../lib/gcc/nios2-elf/12.3.1/../../../../../H-x86_64-mingw32/nios2-elf/lib/mno-hw-mul\libc.a(libc_a-fvwrite.o)
 .text.__sfvwrite_r
                0x000107dc      0x4a0 c:/intelfpga_lite/23.1std/nios2eds/bin/gnu/h-x86_64-mingw32/bin/../lib/gcc/nios2-elf/12.3.1/../../../../../H-x86_64-mingw32/nios2-elf/lib/mno-hw-mul\libc.a(libc_a-fvwrite.o)
                0x000107dc                __sfvwrite_r
 .text          0x00010c7c        0x0 c:/intelfpga_lite/23.1std/nios2eds/bin/gnu/h-x86_64-mingw32/bin/../lib/gcc/nios2-elf/12.3.1/../../../../../H-x86_64-mingw32/nios2-elf/lib/mno-hw-mul\libc.a(libc_a-fwalk.o)
 .text._fwalk_sglue
                0x00010c7c       0xa8 c:/intelfpga_lite/23.1std/nios2eds/bin/gnu/h-x86_64-mingw32/bin/../lib/gcc/nios2-elf/12.3.1/../../../../../H-x86_64-mingw32/nios2-elf/lib/mno-hw-mul\libc.a(libc_a-fwalk.o)
                0x00010c7c                _fwalk_sglue
 .text          0x00010d24        0x0 c:/intelfpga_lite/23.1std/nios2eds/bin/gnu/h-x86_64-mingw32/bin/../lib/gcc/nios2-elf/12.3.1/../../../../../H-x86_64-mingw32/nios2-elf/lib/mno-hw-mul\libc.a(libc_a-stdio.o)
 .text.__sread  0x00010d24       0x54 c:/intelfpga_lite/23.1std/nios2eds/bin/gnu/h-x86_64-mingw32/bin/../lib/gcc/nios2-elf/12.3.1/../../../../../H-x86_64-mingw32/nios2-elf/lib/mno-hw-mul\libc.a(libc_a-stdio.o)
                0x00010d24                __sread
 .text.__seofread
                0x00010d78        0x8 c:/intelfpga_lite/23.1std/nios2eds/bin/gnu/h-x86_64-mingw32/bin/../lib/gcc/nios2-elf/12.3.1/../../../../../H-x86_64-mingw32/nios2-elf/lib/mno-hw-mul\libc.a(libc_a-stdio.o)
                0x00010d78                __seofread
 .text.__swrite
                0x00010d80       0x80 c:/intelfpga_lite/23.1std/nios2eds/bin/gnu/h-x86_64-mingw32/bin/../lib/gcc/nios2-elf/12.3.1/../../../../../H-x86_64-mingw32/nios2-elf/lib/mno-hw-mul\libc.a(libc_a-stdio.o)
                0x00010d80                __swrite
 .text.__sseek  0x00010e00       0x5c c:/intelfpga_lite/23.1std/nios2eds/bin/gnu/h-x86_64-mingw32/bin/../lib/gcc/nios2-elf/12.3.1/../../../../../H-x86_64-mingw32/nios2-elf/lib/mno-hw-mul\libc.a(libc_a-stdio.o)
                0x00010e00                __sseek
 .text.__sclose
                0x00010e5c        0x8 c:/intelfpga_lite/23.1std/nios2eds/bin/gnu/h-x86_64-mingw32/bin/../lib/gcc/nios2-elf/12.3.1/../../../../../H-x86_64-mingw32/nios2-elf/lib/mno-hw-mul\libc.a(libc_a-stdio.o)
                0x00010e5c                __sclose
 .text          0x00010e64        0x0 c:/intelfpga_lite/23.1std/nios2eds/bin/gnu/h-x86_64-mingw32/bin/../lib/gcc/nios2-elf/12.3.1/../../../../../H-x86_64-mingw32/nios2-elf/lib/mno-hw-mul\libc.a(libc_a-wsetup.o)
 .text.__swsetup_r
                0x00010e64      0x144 c:/intelfpga_lite/23.1std/nios2eds/bin/gnu/h-x86_64-mingw32/bin/../lib/gcc/nios2-elf/12.3.1/../../../../../H-x86_64-mingw32/nios2-elf/lib/mno-hw-mul\libc.a(libc_a-wsetup.o)
                0x00010e64                __swsetup_r
 .text          0x00010fa8        0x0 c:/intelfpga_lite/23.1std/nios2eds/bin/gnu/h-x86_64-mingw32/bin/../lib/gcc/nios2-elf/12.3.1/../../../../../H-x86_64-mingw32/nios2-elf/lib/mno-hw-mul\libc.a(libc_a-memchr.o)
 .text.memchr   0x00010fa8       0xfc c:/intelfpga_lite/23.1std/nios2eds/bin/gnu/h-x86_64-mingw32/bin/../lib/gcc/nios2-elf/12.3.1/../../../../../H-x86_64-mingw32/nios2-elf/lib/mno-hw-mul\libc.a(libc_a-memchr.o)
                0x00010fa8                memchr
 .text          0x000110a4        0x0 c:/intelfpga_lite/23.1std/nios2eds/bin/gnu/h-x86_64-mingw32/bin/../lib/gcc/nios2-elf/12.3.1/../../../../../H-x86_64-mingw32/nios2-elf/lib/mno-hw-mul\libc.a(libc_a-memcpy.o)
 .text.memcpy   0x000110a4      0x100 c:/intelfpga_lite/23.1std/nios2eds/bin/gnu/h-x86_64-mingw32/bin/../lib/gcc/nios2-elf/12.3.1/../../../../../H-x86_64-mingw32/nios2-elf/lib/mno-hw-mul\libc.a(libc_a-memcpy.o)
                0x000110a4                memcpy
 .text          0x000111a4        0x0 c:/intelfpga_lite/23.1std/nios2eds/bin/gnu/h-x86_64-mingw32/bin/../lib/gcc/nios2-elf/12.3.1/../../../../../H-x86_64-mingw32/nios2-elf/lib/mno-hw-mul\libc.a(libc_a-memmove.o)
 .text.memmove  0x000111a4      0x128 c:/intelfpga_lite/23.1std/nios2eds/bin/gnu/h-x86_64-mingw32/bin/../lib/gcc/nios2-elf/12.3.1/../../../../../H-x86_64-mingw32/nios2-elf/lib/mno-hw-mul\libc.a(libc_a-memmove.o)
                0x000111a4                memmove
 .text          0x000112cc        0x0 c:/intelfpga_lite/23.1std/nios2eds/bin/gnu/h-x86_64-mingw32/bin/../lib/gcc/nios2-elf/12.3.1/../../../../../H-x86_64-mingw32/nios2-elf/lib/mno-hw-mul\libc.a(libc_a-memset.o)
 .text.memset   0x000112cc      0x140 c:/intelfpga_lite/23.1std/nios2eds/bin/gnu/h-x86_64-mingw32/bin/../lib/gcc/nios2-elf/12.3.1/../../../../../H-x86_64-mingw32/nios2-elf/lib/mno-hw-mul\libc.a(libc_a-memset.o)
                0x000112cc                memset
 .text          0x0001140c        0x0 c:/intelfpga_lite/23.1std/nios2eds/bin/gnu/h-x86_64-mingw32/bin/../lib/gcc/nios2-elf/12.3.1/../../../../../H-x86_64-mingw32/nios2-elf/lib/mno-hw-mul\libc.a(libc_a-closer.o)
 .text._close_r
                0x0001140c       0x58 c:/intelfpga_lite/23.1std/nios2eds/bin/gnu/h-x86_64-mingw32/bin/../lib/gcc/nios2-elf/12.3.1/../../../../../H-x86_64-mingw32/nios2-elf/lib/mno-hw-mul\libc.a(libc_a-closer.o)
                0x0001140c                _close_r
 .text          0x00011464        0x0 c:/intelfpga_lite/23.1std/nios2eds/bin/gnu/h-x86_64-mingw32/bin/../lib/gcc/nios2-elf/12.3.1/../../../../../H-x86_64-mingw32/nios2-elf/lib/mno-hw-mul\libc.a(libc_a-reent.o)
 .text._reclaim_reent
                0x00011464       0xc8 c:/intelfpga_lite/23.1std/nios2eds/bin/gnu/h-x86_64-mingw32/bin/../lib/gcc/nios2-elf/12.3.1/../../../../../H-x86_64-mingw32/nios2-elf/lib/mno-hw-mul\libc.a(libc_a-reent.o)
                0x00011464                _reclaim_reent
 .text          0x0001152c        0x0 c:/intelfpga_lite/23.1std/nios2eds/bin/gnu/h-x86_64-mingw32/bin/../lib/gcc/nios2-elf/12.3.1/../../../../../H-x86_64-mingw32/nios2-elf/lib/mno-hw-mul\libc.a(libc_a-lseekr.o)
 .text._lseek_r
                0x0001152c       0x64 c:/intelfpga_lite/23.1std/nios2eds/bin/gnu/h-x86_64-mingw32/bin/../lib/gcc/nios2-elf/12.3.1/../../../../../H-x86_64-mingw32/nios2-elf/lib/mno-hw-mul\libc.a(libc_a-lseekr.o)
                0x0001152c                _lseek_r
 .text          0x00011590        0x0 c:/intelfpga_lite/23.1std/nios2eds/bin/gnu/h-x86_64-mingw32/bin/../lib/gcc/nios2-elf/12.3.1/../../../../../H-x86_64-mingw32/nios2-elf/lib/mno-hw-mul\libc.a(libc_a-readr.o)
 .text._read_r  0x00011590       0x64 c:/intelfpga_lite/23.1std/nios2eds/bin/gnu/h-x86_64-mingw32/bin/../lib/gcc/nios2-elf/12.3.1/../../../../../H-x86_64-mingw32/nios2-elf/lib/mno-hw-mul\libc.a(libc_a-readr.o)
                0x00011590                _read_r
 .text          0x000115f4        0x0 c:/intelfpga_lite/23.1std/nios2eds/bin/gnu/h-x86_64-mingw32/bin/../lib/gcc/nios2-elf/12.3.1/../../../../../H-x86_64-mingw32/nios2-elf/lib/mno-hw-mul\libc.a(libc_a-writer.o)
 .text._write_r
                0x000115f4       0x64 c:/intelfpga_lite/23.1std/nios2eds/bin/gnu/h-x86_64-mingw32/bin/../lib/gcc/nios2-elf/12.3.1/../../../../../H-x86_64-mingw32/nios2-elf/lib/mno-hw-mul\libc.a(libc_a-writer.o)
                0x000115f4                _write_r
 .text          0x00011658        0x0 c:/intelfpga_lite/23.1std/nios2eds/bin/gnu/h-x86_64-mingw32/bin/../lib/gcc/nios2-elf/12.3.1/../../../../../H-x86_64-mingw32/nios2-elf/lib/mno-hw-mul\libc.a(libc_a-exit.o)
 .text.exit     0x00011658       0x30 c:/intelfpga_lite/23.1std/nios2eds/bin/gnu/h-x86_64-mingw32/bin/../lib/gcc/nios2-elf/12.3.1/../../../../../H-x86_64-mingw32/nios2-elf/lib/mno-hw-mul\libc.a(libc_a-exit.o)
                0x00011658                exit
 .text          0x00011688        0x0 c:/intelfpga_lite/23.1std/nios2eds/bin/gnu/h-x86_64-mingw32/bin/../lib/gcc/nios2-elf/12.3.1/../../../../../H-x86_64-mingw32/nios2-elf/lib/mno-hw-mul\libc.a(libc_a-freer.o)
 .text._malloc_trim_r
                0x00011688      0x124 c:/intelfpga_lite/23.1std/nios2eds/bin/gnu/h-x86_64-mingw32/bin/../lib/gcc/nios2-elf/12.3.1/../../../../../H-x86_64-mingw32/nios2-elf/lib/mno-hw-mul\libc.a(libc_a-freer.o)
                0x00011688                _malloc_trim_r
 .text._free_r  0x000117ac      0x308 c:/intelfpga_lite/23.1std/nios2eds/bin/gnu/h-x86_64-mingw32/bin/../lib/gcc/nios2-elf/12.3.1/../../../../../H-x86_64-mingw32/nios2-elf/lib/mno-hw-mul\libc.a(libc_a-freer.o)
                0x000117ac                _free_r
 .text          0x00011ab4        0x0 c:/intelfpga_lite/23.1std/nios2eds/bin/gnu/h-x86_64-mingw32/bin/../lib/gcc/nios2-elf/12.3.1/../../../../../H-x86_64-mingw32/nios2-elf/lib/mno-hw-mul\libc.a(libc_a-mallocr.o)
 .text._malloc_r
                0x00011ab4      0x7c8 c:/intelfpga_lite/23.1std/nios2eds/bin/gnu/h-x86_64-mingw32/bin/../lib/gcc/nios2-elf/12.3.1/../../../../../H-x86_64-mingw32/nios2-elf/lib/mno-hw-mul\libc.a(libc_a-mallocr.o)
                0x00011ab4                _malloc_r
 .text          0x0001227c        0x0 c:/intelfpga_lite/23.1std/nios2eds/bin/gnu/h-x86_64-mingw32/bin/../lib/gcc/nios2-elf/12.3.1/../../../../../H-x86_64-mingw32/nios2-elf/lib/mno-hw-mul\libc.a(libc_a-reallocr.o)
 .text._realloc_r
                0x0001227c      0x5ec c:/intelfpga_lite/23.1std/nios2eds/bin/gnu/h-x86_64-mingw32/bin/../lib/gcc/nios2-elf/12.3.1/../../../../../H-x86_64-mingw32/nios2-elf/lib/mno-hw-mul\libc.a(libc_a-reallocr.o)
                0x0001227c                _realloc_r
 .text          0x00012868        0x0 c:/intelfpga_lite/23.1std/nios2eds/bin/gnu/h-x86_64-mingw32/bin/../lib/gcc/nios2-elf/12.3.1/../../../../../H-x86_64-mingw32/nios2-elf/lib/mno-hw-mul\libc.a(libc_a-fclose.o)
 .text._fclose_r
                0x00012868       0xf0 c:/intelfpga_lite/23.1std/nios2eds/bin/gnu/h-x86_64-mingw32/bin/../lib/gcc/nios2-elf/12.3.1/../../../../../H-x86_64-mingw32/nios2-elf/lib/mno-hw-mul\libc.a(libc_a-fclose.o)
                0x00012868                _fclose_r
 .text.fclose   0x00012958       0x10 c:/intelfpga_lite/23.1std/nios2eds/bin/gnu/h-x86_64-mingw32/bin/../lib/gcc/nios2-elf/12.3.1/../../../../../H-x86_64-mingw32/nios2-elf/lib/mno-hw-mul\libc.a(libc_a-fclose.o)
                0x00012958                fclose
 .text          0x00012968        0x0 c:/intelfpga_lite/23.1std/nios2eds/bin/gnu/h-x86_64-mingw32/bin/../lib/gcc/nios2-elf/12.3.1/../../../../../H-x86_64-mingw32/nios2-elf/lib/mno-hw-mul\libc.a(libc_a-fflush.o)
 .text.__sflush_r
                0x00012968      0x208 c:/intelfpga_lite/23.1std/nios2eds/bin/gnu/h-x86_64-mingw32/bin/../lib/gcc/nios2-elf/12.3.1/../../../../../H-x86_64-mingw32/nios2-elf/lib/mno-hw-mul\libc.a(libc_a-fflush.o)
                0x00012968                __sflush_r
 .text._fflush_r
                0x00012b70       0x5c c:/intelfpga_lite/23.1std/nios2eds/bin/gnu/h-x86_64-mingw32/bin/../lib/gcc/nios2-elf/12.3.1/../../../../../H-x86_64-mingw32/nios2-elf/lib/mno-hw-mul\libc.a(libc_a-fflush.o)
                0x00012b70                _fflush_r
 .text.fflush   0x00012bcc       0x8c c:/intelfpga_lite/23.1std/nios2eds/bin/gnu/h-x86_64-mingw32/bin/../lib/gcc/nios2-elf/12.3.1/../../../../../H-x86_64-mingw32/nios2-elf/lib/mno-hw-mul\libc.a(libc_a-fflush.o)
                0x00012bcc                fflush
 .text          0x00012c58        0x0 c:/intelfpga_lite/23.1std/nios2eds/bin/gnu/h-x86_64-mingw32/bin/../lib/gcc/nios2-elf/12.3.1/../../../../../H-x86_64-mingw32/nios2-elf/lib/mno-hw-mul\libc.a(libc_a-makebuf.o)
 .text.__smakebuf_r
                0x00012c58      0x1a8 c:/intelfpga_lite/23.1std/nios2eds/bin/gnu/h-x86_64-mingw32/bin/../lib/gcc/nios2-elf/12.3.1/../../../../../H-x86_64-mingw32/nios2-elf/lib/mno-hw-mul\libc.a(libc_a-makebuf.o)
                0x00012c58                __smakebuf_r
 .text.__swhatbuf_r
                0x00012e00       0x8c c:/intelfpga_lite/23.1std/nios2eds/bin/gnu/h-x86_64-mingw32/bin/../lib/gcc/nios2-elf/12.3.1/../../../../../H-x86_64-mingw32/nios2-elf/lib/mno-hw-mul\libc.a(libc_a-makebuf.o)
                0x00012e00                __swhatbuf_r
 .text          0x00012e8c        0x0 c:/intelfpga_lite/23.1std/nios2eds/bin/gnu/h-x86_64-mingw32/bin/../lib/gcc/nios2-elf/12.3.1/../../../../../H-x86_64-mingw32/nios2-elf/lib/mno-hw-mul\libc.a(libc_a-fstatr.o)
 .text._fstat_r
                0x00012e8c       0x60 c:/intelfpga_lite/23.1std/nios2eds/bin/gnu/h-x86_64-mingw32/bin/../lib/gcc/nios2-elf/12.3.1/../../../../../H-x86_64-mingw32/nios2-elf/lib/mno-hw-mul\libc.a(libc_a-fstatr.o)
                0x00012e8c                _fstat_r
 .text          0x00012eec        0x0 c:/intelfpga_lite/23.1std/nios2eds/bin/gnu/h-x86_64-mingw32/bin/../lib/gcc/nios2-elf/12.3.1/../../../../../H-x86_64-mingw32/nios2-elf/lib/mno-hw-mul\libc.a(libc_a-isattyr.o)
 .text._isatty_r
                0x00012eec       0x58 c:/intelfpga_lite/23.1std/nios2eds/bin/gnu/h-x86_64-mingw32/bin/../lib/gcc/nios2-elf/12.3.1/../../../../../H-x86_64-mingw32/nios2-elf/lib/mno-hw-mul\libc.a(libc_a-isattyr.o)
                0x00012eec                _isatty_r
 .text          0x00012f44        0x0 c:/intelfpga_lite/23.1std/nios2eds/bin/gnu/h-x86_64-mingw32/bin/../lib/gcc/nios2-elf/12.3.1/../../../../../H-x86_64-mingw32/nios2-elf/lib/mno-hw-mul\libc.a(libc_a-sbrkr.o)
 .text._sbrk_r  0x00012f44       0x58 c:/intelfpga_lite/23.1std/nios2eds/bin/gnu/h-x86_64-mingw32/bin/../lib/gcc/nios2-elf/12.3.1/../../../../../H-x86_64-mingw32/nios2-elf/lib/mno-hw-mul\libc.a(libc_a-sbrkr.o)
                0x00012f44                _sbrk_r
 .text          0x00012f9c        0x0 c:/intelfpga_lite/23.1std/nios2eds/bin/gnu/h-x86_64-mingw32/bin/../lib/gcc/nios2-elf/12.3.1/../../../../../H-x86_64-mingw32/nios2-elf/lib/mno-hw-mul\libc.a(libc_a-__call_atexit.o)
 .text.__call_exitprocs
                0x00012f9c      0x118 c:/intelfpga_lite/23.1std/nios2eds/bin/gnu/h-x86_64-mingw32/bin/../lib/gcc/nios2-elf/12.3.1/../../../../../H-x86_64-mingw32/nios2-elf/lib/mno-hw-mul\libc.a(libc_a-__call_atexit.o)
                0x00012f9c                __call_exitprocs
 .text          0x000130b4      0x1b4 c:/intelfpga_lite/23.1std/nios2eds/bin/gnu/h-x86_64-mingw32/bin/../lib/gcc/nios2-elf/12.3.1/mno-hw-mul\libgcc.a(lib2-divmod.o)
                0x000130b4                __divsi3
                0x00013134                __modsi3
                0x000131a8                __udivsi3
                0x0001320c                __umodsi3
 .text          0x00013268       0x28 c:/intelfpga_lite/23.1std/nios2eds/bin/gnu/h-x86_64-mingw32/bin/../lib/gcc/nios2-elf/12.3.1/mno-hw-mul\libgcc.a(lib2-mul.o)
                0x00013268                __mulsi3
 .text          0x00013290      0x118 c:/Users/jongh/Documents/repo/Cyclone_V_NIOS_II/software/hello_world_bsp/\libhal_bsp.a(alt_close.o)
                0x000132cc                close
 .text          0x000133a8       0x2c c:/Users/jongh/Documents/repo/Cyclone_V_NIOS_II/software/hello_world_bsp/\libhal_bsp.a(alt_dev.o)
 .text          0x000133d4        0x0 c:/Users/jongh/Documents/repo/Cyclone_V_NIOS_II/software/hello_world_bsp/\libhal_bsp.a(alt_errno.o)
 .text          0x000133d4       0x3c c:/Users/jongh/Documents/repo/Cyclone_V_NIOS_II/software/hello_world_bsp/\libhal_bsp.a(alt_exit.o)
                0x000133d4                _exit
 .text          0x00013410       0xf8 c:/Users/jongh/Documents/repo/Cyclone_V_NIOS_II/software/hello_world_bsp/\libhal_bsp.a(alt_fstat.o)
                0x0001344c                fstat
 .text          0x00013508       0xec c:/Users/jongh/Documents/repo/Cyclone_V_NIOS_II/software/hello_world_bsp/\libhal_bsp.a(alt_isatty.o)
                0x00013544                isatty
 .text          0x000135f4       0xec c:/Users/jongh/Documents/repo/Cyclone_V_NIOS_II/software/hello_world_bsp/\libhal_bsp.a(alt_load.o)
                0x0001365c                alt_load
 .text          0x000136e0      0x11c c:/Users/jongh/Documents/repo/Cyclone_V_NIOS_II/software/hello_world_bsp/\libhal_bsp.a(alt_lseek.o)
                0x0001371c                lseek
 .text          0x000137fc       0x7c c:/Users/jongh/Documents/repo/Cyclone_V_NIOS_II/software/hello_world_bsp/\libhal_bsp.a(alt_main.o)
                0x000137fc                alt_main
 .text          0x00013878       0x48 c:/Users/jongh/Documents/repo/Cyclone_V_NIOS_II/software/hello_world_bsp/\libhal_bsp.a(alt_malloc_lock.o)
                0x00013878                __malloc_lock
                0x0001389c                __malloc_unlock
 .text          0x000138c0      0x144 c:/Users/jongh/Documents/repo/Cyclone_V_NIOS_II/software/hello_world_bsp/\libhal_bsp.a(alt_read.o)
                0x000138fc                read
 .text          0x00013a04       0x70 c:/Users/jongh/Documents/repo/Cyclone_V_NIOS_II/software/hello_world_bsp/\libhal_bsp.a(alt_release_fd.o)
                0x00013a04                alt_release_fd
 .text          0x00013a74       0xb8 c:/Users/jongh/Documents/repo/Cyclone_V_NIOS_II/software/hello_world_bsp/\libhal_bsp.a(alt_sbrk.o)
                0x00013a74                sbrk
 .text          0x00013b2c      0x140 c:/Users/jongh/Documents/repo/Cyclone_V_NIOS_II/software/hello_world_bsp/\libhal_bsp.a(alt_write.o)
                0x00013b68                write
 .text          0x00013c6c       0xb8 c:/Users/jongh/Documents/repo/Cyclone_V_NIOS_II/software/hello_world_bsp/\libhal_bsp.a(alt_sys_init.o)
                0x00013ca0                alt_irq_init
                0x00013cdc                alt_sys_init
 .text          0x00013d24      0x164 c:/Users/jongh/Documents/repo/Cyclone_V_NIOS_II/software/hello_world_bsp/\libhal_bsp.a(altera_avalon_jtag_uart_fd.o)
                0x00013d24                altera_avalon_jtag_uart_read_fd
                0x00013d84                altera_avalon_jtag_uart_write_fd
                0x00013de4                altera_avalon_jtag_uart_close_fd
                0x00013e34                altera_avalon_jtag_uart_ioctl_fd
 .text          0x00013e88      0x3e4 c:/Users/jongh/Documents/repo/Cyclone_V_NIOS_II/software/hello_world_bsp/\libhal_bsp.a(altera_avalon_jtag_uart_init.o)
                0x00013e88                altera_avalon_jtag_uart_init
                0x00014204                altera_avalon_jtag_uart_close
 .text          0x0001426c       0xf4 c:/Users/jongh/Documents/repo/Cyclone_V_NIOS_II/software/hello_world_bsp/\libhal_bsp.a(altera_avalon_jtag_uart_ioctl.o)
                0x0001426c                altera_avalon_jtag_uart_ioctl
 .text          0x00014360      0x220 c:/Users/jongh/Documents/repo/Cyclone_V_NIOS_II/software/hello_world_bsp/\libhal_bsp.a(altera_avalon_jtag_uart_read.o)
                0x00014360                altera_avalon_jtag_uart_read
 .text          0x00014580      0x228 c:/Users/jongh/Documents/repo/Cyclone_V_NIOS_II/software/hello_world_bsp/\libhal_bsp.a(altera_avalon_jtag_uart_write.o)
                0x00014580                altera_avalon_jtag_uart_write
 .text          0x000147a8      0x160 c:/Users/jongh/Documents/repo/Cyclone_V_NIOS_II/software/hello_world_bsp/\libhal_bsp.a(alt_alarm_start.o)
                0x000147a8                alt_alarm_start
 .text          0x00014908       0x20 c:/Users/jongh/Documents/repo/Cyclone_V_NIOS_II/software/hello_world_bsp/\libhal_bsp.a(alt_dcache_flush_all.o)
                0x00014908                alt_dcache_flush_all
 .text          0x00014928       0xe4 c:/Users/jongh/Documents/repo/Cyclone_V_NIOS_II/software/hello_world_bsp/\libhal_bsp.a(alt_dev_llist_insert.o)
                0x00014964                alt_dev_llist_insert
 .text          0x00014a0c       0x64 c:/Users/jongh/Documents/repo/Cyclone_V_NIOS_II/software/hello_world_bsp/\libhal_bsp.a(alt_do_ctors.o)
                0x00014a0c                _do_ctors
 .text          0x00014a70       0x64 c:/Users/jongh/Documents/repo/Cyclone_V_NIOS_II/software/hello_world_bsp/\libhal_bsp.a(alt_do_dtors.o)
                0x00014a70                _do_dtors
 .text          0x00014ad4       0x20 c:/Users/jongh/Documents/repo/Cyclone_V_NIOS_II/software/hello_world_bsp/\libhal_bsp.a(alt_icache_flush_all.o)
                0x00014ad4                alt_icache_flush_all
 .text          0x00014af4      0x1b0 c:/Users/jongh/Documents/repo/Cyclone_V_NIOS_II/software/hello_world_bsp/\libhal_bsp.a(alt_iic.o)
                0x00014af4                alt_ic_isr_register
                0x00014b44                alt_ic_irq_enable
                0x00014bcc                alt_ic_irq_disable
                0x00014c58                alt_ic_irq_enabled
 .text          0x00014ca4       0xe8 c:/Users/jongh/Documents/repo/Cyclone_V_NIOS_II/software/hello_world_bsp/\libhal_bsp.a(alt_iic_isr_register.o)
                0x00014ca4                alt_iic_isr_register
 .text          0x00014d8c      0x150 c:/Users/jongh/Documents/repo/Cyclone_V_NIOS_II/software/hello_world_bsp/\libhal_bsp.a(alt_io_redirect.o)
                0x00014e60                alt_io_redirect
 .text          0x00014edc        0x0 c:/Users/jongh/Documents/repo/Cyclone_V_NIOS_II/software/hello_world_bsp/\libhal_bsp.a(alt_irq_entry.o)
 .text          0x00014edc        0x0 c:/Users/jongh/Documents/repo/Cyclone_V_NIOS_II/software/hello_world_bsp/\libhal_bsp.a(alt_irq_handler.o)
 .text          0x00014edc        0x0 c:/Users/jongh/Documents/repo/Cyclone_V_NIOS_II/software/hello_world_bsp/\libhal_bsp.a(alt_irq_vars.o)
 .text          0x00014edc      0x278 c:/Users/jongh/Documents/repo/Cyclone_V_NIOS_II/software/hello_world_bsp/\libhal_bsp.a(alt_open.o)
                0x00014ff4                open
 .text          0x00015154      0x1d0 c:/Users/jongh/Documents/repo/Cyclone_V_NIOS_II/software/hello_world_bsp/\libhal_bsp.a(alt_tick.o)
                0x00015154                alt_alarm_stop
                0x000151f8                alt_tick
 .text          0x00015324       0x24 c:/Users/jongh/Documents/repo/Cyclone_V_NIOS_II/software/hello_world_bsp/\libhal_bsp.a(altera_nios2_gen2_irq.o)
                0x00015324                altera_nios2_gen2_irq_init
 .text          0x00015348        0x0 c:/Users/jongh/Documents/repo/Cyclone_V_NIOS_II/software/hello_world_bsp/\libhal_bsp.a(alt_exception_entry.o)
 .text          0x00015348       0x90 c:/Users/jongh/Documents/repo/Cyclone_V_NIOS_II/software/hello_world_bsp/\libhal_bsp.a(alt_find_dev.o)
                0x00015348                alt_find_dev
 .text          0x000153d8      0x108 c:/Users/jongh/Documents/repo/Cyclone_V_NIOS_II/software/hello_world_bsp/\libhal_bsp.a(alt_find_file.o)
                0x000153d8                alt_find_file
 .text          0x000154e0       0xb8 c:/Users/jongh/Documents/repo/Cyclone_V_NIOS_II/software/hello_world_bsp/\libhal_bsp.a(alt_get_fd.o)
                0x000154e0                alt_get_fd
 .text          0x00015598       0x74 c:/Users/jongh/Documents/repo/Cyclone_V_NIOS_II/software/hello_world_bsp/\libhal_bsp.a(alt_instruction_exception_entry.o)
                0x00015598                alt_exception_cause_generated_bad_addr
 .text          0x0001560c        0x0 c:/intelfpga_lite/23.1std/nios2eds/bin/gnu/h-x86_64-mingw32/bin/../lib/gcc/nios2-elf/12.3.1/../../../../../H-x86_64-mingw32/nios2-elf/lib/mno-hw-mul\libc.a(libc_a-atexit.o)
 .text.atexit   0x0001560c       0x14 c:/intelfpga_lite/23.1std/nios2eds/bin/gnu/h-x86_64-mingw32/bin/../lib/gcc/nios2-elf/12.3.1/../../../../../H-x86_64-mingw32/nios2-elf/lib/mno-hw-mul\libc.a(libc_a-atexit.o)
                0x0001560c                atexit
 .text          0x00015620        0x0 c:/intelfpga_lite/23.1std/nios2eds/bin/gnu/h-x86_64-mingw32/bin/../lib/gcc/nios2-elf/12.3.1/../../../../../H-x86_64-mingw32/nios2-elf/lib/mno-hw-mul\libc.a(libc_a-memcmp.o)
 .text.memcmp   0x00015620       0x78 c:/intelfpga_lite/23.1std/nios2eds/bin/gnu/h-x86_64-mingw32/bin/../lib/gcc/nios2-elf/12.3.1/../../../../../H-x86_64-mingw32/nios2-elf/lib/mno-hw-mul\libc.a(libc_a-memcmp.o)
                0x00015620                memcmp
 .text          0x00015698        0x0 c:/intelfpga_lite/23.1std/nios2eds/bin/gnu/h-x86_64-mingw32/bin/../lib/gcc/nios2-elf/12.3.1/../../../../../H-x86_64-mingw32/nios2-elf/lib/mno-hw-mul\libc.a(libc_a-__atexit.o)
 .text.__register_exitproc
                0x00015698       0x94 c:/intelfpga_lite/23.1std/nios2eds/bin/gnu/h-x86_64-mingw32/bin/../lib/gcc/nios2-elf/12.3.1/../../../../../H-x86_64-mingw32/nios2-elf/lib/mno-hw-mul\libc.a(libc_a-__atexit.o)
                0x00015698                __register_exitproc
 *(.gnu.warning.*)
 *(.fini)
                [!provide]                        PROVIDE (__etext = ABSOLUTE (.))
                [!provide]                        PROVIDE (_etext = ABSOLUTE (.))
                [!provide]                        PROVIDE (etext = ABSOLUTE (.))
 *(.eh_frame_hdr)
                0x0001572c                        . = ALIGN (0x4)
                [!provide]                        PROVIDE (__preinit_array_start = ABSOLUTE (.))
 *(.preinit_array)
                [!provide]                        PROVIDE (__preinit_array_end = ABSOLUTE (.))
                [!provide]                        PROVIDE (__init_array_start = ABSOLUTE (.))
 *(SORT_BY_INIT_PRIORITY(.init_array.*))
 *(.init_array)
                [!provide]                        PROVIDE (__init_array_end = ABSOLUTE (.))
                [!provide]                        PROVIDE (__fini_array_start = ABSOLUTE (.))
 *(.fini_array)
                [!provide]                        PROVIDE (__fini_array_end = ABSOLUTE (.))
 *(.eh_frame)
 *(.gcc_except_table .gcc_except_table.*)
 *(.dynamic)
                0x0001572c                        PROVIDE (__CTOR_LIST__ = ABSOLUTE (.))
 *(.ctors)
 *(SORT_BY_NAME(.ctors.*))
                0x0001572c                        PROVIDE (__CTOR_END__ = ABSOLUTE (.))
                0x0001572c                        PROVIDE (__DTOR_LIST__ = ABSOLUTE (.))
 *(.dtors)
 *(SORT_BY_NAME(.dtors.*))
                0x0001572c                        PROVIDE (__DTOR_END__ = ABSOLUTE (.))
 *(.jcr)
                0x0001572c                        . = ALIGN (0x4)

.rodata         0x0001572c       0x48
                0x0001572c                        PROVIDE (__ram_rodata_start = ABSOLUTE (.))
                0x0001572c                        . = ALIGN (0x4)
 *(.rodata .rodata.* .gnu.linkonce.r.*)
 .rodata        0x0001572c        0xe obj/default/hello_world.o
 *fill*         0x0001573a        0x2 
 .rodata._puts_r.str1.4
                0x0001573c        0x2 c:/intelfpga_lite/23.1std/nios2eds/bin/gnu/h-x86_64-mingw32/bin/../lib/gcc/nios2-elf/12.3.1/../../../../../H-x86_64-mingw32/nios2-elf/lib/mno-hw-mul\libc.a(libc_a-puts.o)
 *fill*         0x0001573e        0x2 
 .rodata        0x00015740        0xa c:/Users/jongh/Documents/repo/Cyclone_V_NIOS_II/software/hello_world_bsp/\libhal_bsp.a(alt_dev.o)
 *fill*         0x0001574a        0x2 
 .rodata        0x0001574c       0x11 c:/Users/jongh/Documents/repo/Cyclone_V_NIOS_II/software/hello_world_bsp/\libhal_bsp.a(alt_main.o)
 *fill*         0x0001575d        0x3 
 .rodata        0x00015760       0x11 c:/Users/jongh/Documents/repo/Cyclone_V_NIOS_II/software/hello_world_bsp/\libhal_bsp.a(alt_sys_init.o)
 *(.rodata1)
                0x00015774                        . = ALIGN (0x4)
 *fill*         0x00015771        0x3 
                0x00015774                        PROVIDE (__ram_rodata_end = ABSOLUTE (.))
                0x0001572c                        PROVIDE (__flash_rodata_start = LOADADDR (.rodata))

.rwdata         0x00015774     0x176c load address 0x00016ee0
                0x00015774                        PROVIDE (__ram_rwdata_start = ABSOLUTE (.))
                0x00015774                        . = ALIGN (0x4)
 *(.got.plt)
 *(.got)
 *(.data1)
 *(.data .data.* .gnu.linkonce.d.*)
 .data          0x00015774        0x0 c:/Users/jongh/Documents/repo/Cyclone_V_NIOS_II/software/hello_world_bsp//obj/HAL/src/crt0.o
 .data          0x00015774        0x0 obj/default/hello_world.o
 .data          0x00015774        0x0 c:/intelfpga_lite/23.1std/nios2eds/bin/gnu/h-x86_64-mingw32/bin/../lib/gcc/nios2-elf/12.3.1/../../../../../H-x86_64-mingw32/nios2-elf/lib/mno-hw-mul\libc.a(libc_a-puts.o)
 .data          0x00015774        0x0 c:/intelfpga_lite/23.1std/nios2eds/bin/gnu/h-x86_64-mingw32/bin/../lib/gcc/nios2-elf/12.3.1/../../../../../H-x86_64-mingw32/nios2-elf/lib/mno-hw-mul\libc.a(libc_a-strlen.o)
 .data          0x00015774        0x0 c:/intelfpga_lite/23.1std/nios2eds/bin/gnu/h-x86_64-mingw32/bin/../lib/gcc/nios2-elf/12.3.1/../../../../../H-x86_64-mingw32/nios2-elf/lib/mno-hw-mul\libc.a(libc_a-impure.o)
 .data._impure_data
                0x00015774      0x11c c:/intelfpga_lite/23.1std/nios2eds/bin/gnu/h-x86_64-mingw32/bin/../lib/gcc/nios2-elf/12.3.1/../../../../../H-x86_64-mingw32/nios2-elf/lib/mno-hw-mul\libc.a(libc_a-impure.o)
                0x00015774                _impure_data
 .data          0x00015890        0x0 c:/intelfpga_lite/23.1std/nios2eds/bin/gnu/h-x86_64-mingw32/bin/../lib/gcc/nios2-elf/12.3.1/../../../../../H-x86_64-mingw32/nios2-elf/lib/mno-hw-mul\libc.a(libc_a-findfp.o)
 .data.__sglue  0x00015890        0xc c:/intelfpga_lite/23.1std/nios2eds/bin/gnu/h-x86_64-mingw32/bin/../lib/gcc/nios2-elf/12.3.1/../../../../../H-x86_64-mingw32/nios2-elf/lib/mno-hw-mul\libc.a(libc_a-findfp.o)
                0x00015890                __sglue
 .data          0x0001589c        0x0 c:/intelfpga_lite/23.1std/nios2eds/bin/gnu/h-x86_64-mingw32/bin/../lib/gcc/nios2-elf/12.3.1/../../../../../H-x86_64-mingw32/nios2-elf/lib/mno-hw-mul\libc.a(libc_a-fvwrite.o)
 .data          0x0001589c        0x0 c:/intelfpga_lite/23.1std/nios2eds/bin/gnu/h-x86_64-mingw32/bin/../lib/gcc/nios2-elf/12.3.1/../../../../../H-x86_64-mingw32/nios2-elf/lib/mno-hw-mul\libc.a(libc_a-fwalk.o)
 .data          0x0001589c        0x0 c:/intelfpga_lite/23.1std/nios2eds/bin/gnu/h-x86_64-mingw32/bin/../lib/gcc/nios2-elf/12.3.1/../../../../../H-x86_64-mingw32/nios2-elf/lib/mno-hw-mul\libc.a(libc_a-stdio.o)
 .data          0x0001589c        0x0 c:/intelfpga_lite/23.1std/nios2eds/bin/gnu/h-x86_64-mingw32/bin/../lib/gcc/nios2-elf/12.3.1/../../../../../H-x86_64-mingw32/nios2-elf/lib/mno-hw-mul\libc.a(libc_a-wsetup.o)
 .data          0x0001589c        0x0 c:/intelfpga_lite/23.1std/nios2eds/bin/gnu/h-x86_64-mingw32/bin/../lib/gcc/nios2-elf/12.3.1/../../../../../H-x86_64-mingw32/nios2-elf/lib/mno-hw-mul\libc.a(libc_a-memchr.o)
 .data          0x0001589c        0x0 c:/intelfpga_lite/23.1std/nios2eds/bin/gnu/h-x86_64-mingw32/bin/../lib/gcc/nios2-elf/12.3.1/../../../../../H-x86_64-mingw32/nios2-elf/lib/mno-hw-mul\libc.a(libc_a-memcpy.o)
 .data          0x0001589c        0x0 c:/intelfpga_lite/23.1std/nios2eds/bin/gnu/h-x86_64-mingw32/bin/../lib/gcc/nios2-elf/12.3.1/../../../../../H-x86_64-mingw32/nios2-elf/lib/mno-hw-mul\libc.a(libc_a-memmove.o)
 .data          0x0001589c        0x0 c:/intelfpga_lite/23.1std/nios2eds/bin/gnu/h-x86_64-mingw32/bin/../lib/gcc/nios2-elf/12.3.1/../../../../../H-x86_64-mingw32/nios2-elf/lib/mno-hw-mul\libc.a(libc_a-memset.o)
 .data          0x0001589c        0x0 c:/intelfpga_lite/23.1std/nios2eds/bin/gnu/h-x86_64-mingw32/bin/../lib/gcc/nios2-elf/12.3.1/../../../../../H-x86_64-mingw32/nios2-elf/lib/mno-hw-mul\libc.a(libc_a-closer.o)
 .data          0x0001589c        0x0 c:/intelfpga_lite/23.1std/nios2eds/bin/gnu/h-x86_64-mingw32/bin/../lib/gcc/nios2-elf/12.3.1/../../../../../H-x86_64-mingw32/nios2-elf/lib/mno-hw-mul\libc.a(libc_a-reent.o)
 .data          0x0001589c        0x0 c:/intelfpga_lite/23.1std/nios2eds/bin/gnu/h-x86_64-mingw32/bin/../lib/gcc/nios2-elf/12.3.1/../../../../../H-x86_64-mingw32/nios2-elf/lib/mno-hw-mul\libc.a(libc_a-lseekr.o)
 .data          0x0001589c        0x0 c:/intelfpga_lite/23.1std/nios2eds/bin/gnu/h-x86_64-mingw32/bin/../lib/gcc/nios2-elf/12.3.1/../../../../../H-x86_64-mingw32/nios2-elf/lib/mno-hw-mul\libc.a(libc_a-readr.o)
 .data          0x0001589c        0x0 c:/intelfpga_lite/23.1std/nios2eds/bin/gnu/h-x86_64-mingw32/bin/../lib/gcc/nios2-elf/12.3.1/../../../../../H-x86_64-mingw32/nios2-elf/lib/mno-hw-mul\libc.a(libc_a-writer.o)
 .data          0x0001589c        0x0 c:/intelfpga_lite/23.1std/nios2eds/bin/gnu/h-x86_64-mingw32/bin/../lib/gcc/nios2-elf/12.3.1/../../../../../H-x86_64-mingw32/nios2-elf/lib/mno-hw-mul\libc.a(libc_a-exit.o)
 .data          0x0001589c        0x0 c:/intelfpga_lite/23.1std/nios2eds/bin/gnu/h-x86_64-mingw32/bin/../lib/gcc/nios2-elf/12.3.1/../../../../../H-x86_64-mingw32/nios2-elf/lib/mno-hw-mul\libc.a(libc_a-freer.o)
 .data          0x0001589c        0x0 c:/intelfpga_lite/23.1std/nios2eds/bin/gnu/h-x86_64-mingw32/bin/../lib/gcc/nios2-elf/12.3.1/../../../../../H-x86_64-mingw32/nios2-elf/lib/mno-hw-mul\libc.a(libc_a-mallocr.o)
 .data.__malloc_av_
                0x0001589c      0x408 c:/intelfpga_lite/23.1std/nios2eds/bin/gnu/h-x86_64-mingw32/bin/../lib/gcc/nios2-elf/12.3.1/../../../../../H-x86_64-mingw32/nios2-elf/lib/mno-hw-mul\libc.a(libc_a-mallocr.o)
                0x0001589c                __malloc_av_
 .data          0x00015ca4        0x0 c:/intelfpga_lite/23.1std/nios2eds/bin/gnu/h-x86_64-mingw32/bin/../lib/gcc/nios2-elf/12.3.1/../../../../../H-x86_64-mingw32/nios2-elf/lib/mno-hw-mul\libc.a(libc_a-reallocr.o)
 .data          0x00015ca4        0x0 c:/intelfpga_lite/23.1std/nios2eds/bin/gnu/h-x86_64-mingw32/bin/../lib/gcc/nios2-elf/12.3.1/../../../../../H-x86_64-mingw32/nios2-elf/lib/mno-hw-mul\libc.a(libc_a-fclose.o)
 .data          0x00015ca4        0x0 c:/intelfpga_lite/23.1std/nios2eds/bin/gnu/h-x86_64-mingw32/bin/../lib/gcc/nios2-elf/12.3.1/../../../../../H-x86_64-mingw32/nios2-elf/lib/mno-hw-mul\libc.a(libc_a-fflush.o)
 .data          0x00015ca4        0x0 c:/intelfpga_lite/23.1std/nios2eds/bin/gnu/h-x86_64-mingw32/bin/../lib/gcc/nios2-elf/12.3.1/../../../../../H-x86_64-mingw32/nios2-elf/lib/mno-hw-mul\libc.a(libc_a-makebuf.o)
 .data          0x00015ca4        0x0 c:/intelfpga_lite/23.1std/nios2eds/bin/gnu/h-x86_64-mingw32/bin/../lib/gcc/nios2-elf/12.3.1/../../../../../H-x86_64-mingw32/nios2-elf/lib/mno-hw-mul\libc.a(libc_a-fstatr.o)
 .data          0x00015ca4        0x0 c:/intelfpga_lite/23.1std/nios2eds/bin/gnu/h-x86_64-mingw32/bin/../lib/gcc/nios2-elf/12.3.1/../../../../../H-x86_64-mingw32/nios2-elf/lib/mno-hw-mul\libc.a(libc_a-isattyr.o)
 .data          0x00015ca4        0x0 c:/intelfpga_lite/23.1std/nios2eds/bin/gnu/h-x86_64-mingw32/bin/../lib/gcc/nios2-elf/12.3.1/../../../../../H-x86_64-mingw32/nios2-elf/lib/mno-hw-mul\libc.a(libc_a-sbrkr.o)
 .data          0x00015ca4        0x0 c:/intelfpga_lite/23.1std/nios2eds/bin/gnu/h-x86_64-mingw32/bin/../lib/gcc/nios2-elf/12.3.1/../../../../../H-x86_64-mingw32/nios2-elf/lib/mno-hw-mul\libc.a(libc_a-__call_atexit.o)
 .data          0x00015ca4        0x0 c:/intelfpga_lite/23.1std/nios2eds/bin/gnu/h-x86_64-mingw32/bin/../lib/gcc/nios2-elf/12.3.1/mno-hw-mul\libgcc.a(lib2-divmod.o)
 .data          0x00015ca4        0x0 c:/intelfpga_lite/23.1std/nios2eds/bin/gnu/h-x86_64-mingw32/bin/../lib/gcc/nios2-elf/12.3.1/mno-hw-mul\libgcc.a(lib2-mul.o)
 .data          0x00015ca4        0x0 c:/Users/jongh/Documents/repo/Cyclone_V_NIOS_II/software/hello_world_bsp/\libhal_bsp.a(alt_close.o)
 .data          0x00015ca4      0x1a8 c:/Users/jongh/Documents/repo/Cyclone_V_NIOS_II/software/hello_world_bsp/\libhal_bsp.a(alt_dev.o)
                0x00015ca4                alt_dev_null
                0x00015ccc                alt_fd_list
 .data          0x00015e4c        0x0 c:/Users/jongh/Documents/repo/Cyclone_V_NIOS_II/software/hello_world_bsp/\libhal_bsp.a(alt_errno.o)
 .data          0x00015e4c        0x0 c:/Users/jongh/Documents/repo/Cyclone_V_NIOS_II/software/hello_world_bsp/\libhal_bsp.a(alt_exit.o)
 .data          0x00015e4c        0x0 c:/Users/jongh/Documents/repo/Cyclone_V_NIOS_II/software/hello_world_bsp/\libhal_bsp.a(alt_fstat.o)
 .data          0x00015e4c        0x0 c:/Users/jongh/Documents/repo/Cyclone_V_NIOS_II/software/hello_world_bsp/\libhal_bsp.a(alt_isatty.o)
 .data          0x00015e4c        0x0 c:/Users/jongh/Documents/repo/Cyclone_V_NIOS_II/software/hello_world_bsp/\libhal_bsp.a(alt_load.o)
 .data          0x00015e4c        0x0 c:/Users/jongh/Documents/repo/Cyclone_V_NIOS_II/software/hello_world_bsp/\libhal_bsp.a(alt_lseek.o)
 .data          0x00015e4c        0x0 c:/Users/jongh/Documents/repo/Cyclone_V_NIOS_II/software/hello_world_bsp/\libhal_bsp.a(alt_main.o)
 .data          0x00015e4c        0x0 c:/Users/jongh/Documents/repo/Cyclone_V_NIOS_II/software/hello_world_bsp/\libhal_bsp.a(alt_malloc_lock.o)
 .data          0x00015e4c        0x0 c:/Users/jongh/Documents/repo/Cyclone_V_NIOS_II/software/hello_world_bsp/\libhal_bsp.a(alt_read.o)
 .data          0x00015e4c        0x0 c:/Users/jongh/Documents/repo/Cyclone_V_NIOS_II/software/hello_world_bsp/\libhal_bsp.a(alt_release_fd.o)
 .data          0x00015e4c        0x0 c:/Users/jongh/Documents/repo/Cyclone_V_NIOS_II/software/hello_world_bsp/\libhal_bsp.a(alt_sbrk.o)
 .data          0x00015e4c        0x0 c:/Users/jongh/Documents/repo/Cyclone_V_NIOS_II/software/hello_world_bsp/\libhal_bsp.a(alt_write.o)
 .data          0x00015e4c     0x1060 c:/Users/jongh/Documents/repo/Cyclone_V_NIOS_II/software/hello_world_bsp/\libhal_bsp.a(alt_sys_init.o)
 .data          0x00016eac        0x0 c:/Users/jongh/Documents/repo/Cyclone_V_NIOS_II/software/hello_world_bsp/\libhal_bsp.a(altera_avalon_jtag_uart_fd.o)
 .data          0x00016eac        0x0 c:/Users/jongh/Documents/repo/Cyclone_V_NIOS_II/software/hello_world_bsp/\libhal_bsp.a(altera_avalon_jtag_uart_init.o)
 .data          0x00016eac        0x0 c:/Users/jongh/Documents/repo/Cyclone_V_NIOS_II/software/hello_world_bsp/\libhal_bsp.a(altera_avalon_jtag_uart_ioctl.o)
 .data          0x00016eac        0x0 c:/Users/jongh/Documents/repo/Cyclone_V_NIOS_II/software/hello_world_bsp/\libhal_bsp.a(altera_avalon_jtag_uart_read.o)
 .data          0x00016eac        0x0 c:/Users/jongh/Documents/repo/Cyclone_V_NIOS_II/software/hello_world_bsp/\libhal_bsp.a(altera_avalon_jtag_uart_write.o)
 .data          0x00016eac        0x0 c:/Users/jongh/Documents/repo/Cyclone_V_NIOS_II/software/hello_world_bsp/\libhal_bsp.a(alt_alarm_start.o)
 .data          0x00016eac        0x0 c:/Users/jongh/Documents/repo/Cyclone_V_NIOS_II/software/hello_world_bsp/\libhal_bsp.a(alt_dcache_flush_all.o)
 .data          0x00016eac        0x0 c:/Users/jongh/Documents/repo/Cyclone_V_NIOS_II/software/hello_world_bsp/\libhal_bsp.a(alt_dev_llist_insert.o)
 .data          0x00016eac        0x0 c:/Users/jongh/Documents/repo/Cyclone_V_NIOS_II/software/hello_world_bsp/\libhal_bsp.a(alt_do_ctors.o)
 .data          0x00016eac        0x0 c:/Users/jongh/Documents/repo/Cyclone_V_NIOS_II/software/hello_world_bsp/\libhal_bsp.a(alt_do_dtors.o)
 .data          0x00016eac        0x0 c:/Users/jongh/Documents/repo/Cyclone_V_NIOS_II/software/hello_world_bsp/\libhal_bsp.a(alt_icache_flush_all.o)
 .data          0x00016eac        0x0 c:/Users/jongh/Documents/repo/Cyclone_V_NIOS_II/software/hello_world_bsp/\libhal_bsp.a(alt_iic.o)
 .data          0x00016eac        0x0 c:/Users/jongh/Documents/repo/Cyclone_V_NIOS_II/software/hello_world_bsp/\libhal_bsp.a(alt_iic_isr_register.o)
 .data          0x00016eac        0x0 c:/Users/jongh/Documents/repo/Cyclone_V_NIOS_II/software/hello_world_bsp/\libhal_bsp.a(alt_io_redirect.o)
 .data          0x00016eac        0x0 c:/Users/jongh/Documents/repo/Cyclone_V_NIOS_II/software/hello_world_bsp/\libhal_bsp.a(alt_irq_entry.o)
 .data          0x00016eac        0x0 c:/Users/jongh/Documents/repo/Cyclone_V_NIOS_II/software/hello_world_bsp/\libhal_bsp.a(alt_irq_handler.o)
 .data          0x00016eac        0x0 c:/Users/jongh/Documents/repo/Cyclone_V_NIOS_II/software/hello_world_bsp/\libhal_bsp.a(alt_irq_vars.o)
 .data          0x00016eac        0x0 c:/Users/jongh/Documents/repo/Cyclone_V_NIOS_II/software/hello_world_bsp/\libhal_bsp.a(alt_open.o)
 .data          0x00016eac        0x0 c:/Users/jongh/Documents/repo/Cyclone_V_NIOS_II/software/hello_world_bsp/\libhal_bsp.a(alt_tick.o)
 .data          0x00016eac        0x0 c:/Users/jongh/Documents/repo/Cyclone_V_NIOS_II/software/hello_world_bsp/\libhal_bsp.a(altera_nios2_gen2_irq.o)
 .data          0x00016eac        0x0 c:/Users/jongh/Documents/repo/Cyclone_V_NIOS_II/software/hello_world_bsp/\libhal_bsp.a(alt_exception_entry.o)
 .data          0x00016eac        0x0 c:/Users/jongh/Documents/repo/Cyclone_V_NIOS_II/software/hello_world_bsp/\libhal_bsp.a(alt_find_dev.o)
 .data          0x00016eac        0x0 c:/Users/jongh/Documents/repo/Cyclone_V_NIOS_II/software/hello_world_bsp/\libhal_bsp.a(alt_find_file.o)
 .data          0x00016eac        0x0 c:/Users/jongh/Documents/repo/Cyclone_V_NIOS_II/software/hello_world_bsp/\libhal_bsp.a(alt_get_fd.o)
 .data          0x00016eac        0x0 c:/Users/jongh/Documents/repo/Cyclone_V_NIOS_II/software/hello_world_bsp/\libhal_bsp.a(alt_instruction_exception_entry.o)
 .data          0x00016eac        0x0 c:/intelfpga_lite/23.1std/nios2eds/bin/gnu/h-x86_64-mingw32/bin/../lib/gcc/nios2-elf/12.3.1/../../../../../H-x86_64-mingw32/nios2-elf/lib/mno-hw-mul\libc.a(libc_a-atexit.o)
 .data          0x00016eac        0x0 c:/intelfpga_lite/23.1std/nios2eds/bin/gnu/h-x86_64-mingw32/bin/../lib/gcc/nios2-elf/12.3.1/../../../../../H-x86_64-mingw32/nios2-elf/lib/mno-hw-mul\libc.a(libc_a-memcmp.o)
 .data          0x00016eac        0x0 c:/intelfpga_lite/23.1std/nios2eds/bin/gnu/h-x86_64-mingw32/bin/../lib/gcc/nios2-elf/12.3.1/../../../../../H-x86_64-mingw32/nios2-elf/lib/mno-hw-mul\libc.a(libc_a-__atexit.o)
                0x0001eeac                        _gp = ABSOLUTE ((. + 0x8000))
                [!provide]                        PROVIDE (gp = _gp)
 *(.rwdata .rwdata.*)
 *(.sdata .sdata.* .gnu.linkonce.s.*)
 .sdata._impure_ptr
                0x00016eac        0x4 c:/intelfpga_lite/23.1std/nios2eds/bin/gnu/h-x86_64-mingw32/bin/../lib/gcc/nios2-elf/12.3.1/../../../../../H-x86_64-mingw32/nios2-elf/lib/mno-hw-mul\libc.a(libc_a-impure.o)
                0x00016eac                _impure_ptr
 .sdata.__malloc_sbrk_base
                0x00016eb0        0x4 c:/intelfpga_lite/23.1std/nios2eds/bin/gnu/h-x86_64-mingw32/bin/../lib/gcc/nios2-elf/12.3.1/../../../../../H-x86_64-mingw32/nios2-elf/lib/mno-hw-mul\libc.a(libc_a-mallocr.o)
                0x00016eb0                __malloc_sbrk_base
 .sdata.__malloc_trim_threshold
                0x00016eb4        0x4 c:/intelfpga_lite/23.1std/nios2eds/bin/gnu/h-x86_64-mingw32/bin/../lib/gcc/nios2-elf/12.3.1/../../../../../H-x86_64-mingw32/nios2-elf/lib/mno-hw-mul\libc.a(libc_a-mallocr.o)
                0x00016eb4                __malloc_trim_threshold
 .sdata         0x00016eb8       0x14 c:/Users/jongh/Documents/repo/Cyclone_V_NIOS_II/software/hello_world_bsp/\libhal_bsp.a(alt_dev.o)
                0x00016eb8                alt_fs_list
                0x00016ec0                alt_dev_list
                0x00016ec8                alt_max_fd
 .sdata         0x00016ecc        0x4 c:/Users/jongh/Documents/repo/Cyclone_V_NIOS_II/software/hello_world_bsp/\libhal_bsp.a(alt_errno.o)
                0x00016ecc                alt_errno
 .sdata         0x00016ed0        0x4 c:/Users/jongh/Documents/repo/Cyclone_V_NIOS_II/software/hello_world_bsp/\libhal_bsp.a(alt_sbrk.o)
 .sdata         0x00016ed4        0x4 c:/Users/jongh/Documents/repo/Cyclone_V_NIOS_II/software/hello_world_bsp/\libhal_bsp.a(alt_irq_vars.o)
                0x00016ed4                alt_priority_mask
 .sdata         0x00016ed8        0x8 c:/Users/jongh/Documents/repo/Cyclone_V_NIOS_II/software/hello_world_bsp/\libhal_bsp.a(alt_tick.o)
                0x00016ed8                alt_alarm_list
 *(.sdata2 .sdata2.* .gnu.linkonce.s2.*)
                0x00016ee0                        . = ALIGN (0x4)
                0x00016ee0                        _edata = ABSOLUTE (.)
                [!provide]                        PROVIDE (edata = ABSOLUTE (.))
                0x00016ee0                        PROVIDE (__ram_rwdata_end = ABSOLUTE (.))
                0x00016ee0                        PROVIDE (__flash_rwdata_start = LOADADDR (.rwdata))

.bss            0x0001864c      0x428
                0x0001864c                        __bss_start = ABSOLUTE (.)
                [!provide]                        PROVIDE (__sbss_start = ABSOLUTE (.))
                [!provide]                        PROVIDE (___sbss_start = ABSOLUTE (.))
 *(.dynsbss)
 *(.sbss .sbss.* .gnu.linkonce.sb.*)
 .sbss.errno    0x0001864c        0x4 c:/intelfpga_lite/23.1std/nios2eds/bin/gnu/h-x86_64-mingw32/bin/../lib/gcc/nios2-elf/12.3.1/../../../../../H-x86_64-mingw32/nios2-elf/lib/mno-hw-mul\libc.a(libc_a-reent.o)
                0x0001864c                errno
 .sbss.__stdio_exit_handler
                0x00018650        0x4 c:/intelfpga_lite/23.1std/nios2eds/bin/gnu/h-x86_64-mingw32/bin/../lib/gcc/nios2-elf/12.3.1/../../../../../H-x86_64-mingw32/nios2-elf/lib/mno-hw-mul\libc.a(libc_a-exit.o)
                0x00018650                __stdio_exit_handler
 .sbss.__malloc_max_total_mem
                0x00018654        0x4 c:/intelfpga_lite/23.1std/nios2eds/bin/gnu/h-x86_64-mingw32/bin/../lib/gcc/nios2-elf/12.3.1/../../../../../H-x86_64-mingw32/nios2-elf/lib/mno-hw-mul\libc.a(libc_a-mallocr.o)
                0x00018654                __malloc_max_total_mem
 .sbss.__malloc_max_sbrked_mem
                0x00018658        0x4 c:/intelfpga_lite/23.1std/nios2eds/bin/gnu/h-x86_64-mingw32/bin/../lib/gcc/nios2-elf/12.3.1/../../../../../H-x86_64-mingw32/nios2-elf/lib/mno-hw-mul\libc.a(libc_a-mallocr.o)
                0x00018658                __malloc_max_sbrked_mem
 .sbss.__malloc_top_pad
                0x0001865c        0x4 c:/intelfpga_lite/23.1std/nios2eds/bin/gnu/h-x86_64-mingw32/bin/../lib/gcc/nios2-elf/12.3.1/../../../../../H-x86_64-mingw32/nios2-elf/lib/mno-hw-mul\libc.a(libc_a-mallocr.o)
                0x0001865c                __malloc_top_pad
 .sbss.__atexit
                0x00018660        0x4 c:/intelfpga_lite/23.1std/nios2eds/bin/gnu/h-x86_64-mingw32/bin/../lib/gcc/nios2-elf/12.3.1/../../../../../H-x86_64-mingw32/nios2-elf/lib/mno-hw-mul\libc.a(libc_a-__call_atexit.o)
                0x00018660                __atexit
 .sbss          0x00018664        0xc c:/Users/jongh/Documents/repo/Cyclone_V_NIOS_II/software/hello_world_bsp/\libhal_bsp.a(alt_main.o)
                0x00018664                alt_argc
                0x00018668                alt_argv
                0x0001866c                alt_envp
 .sbss          0x00018670        0x4 c:/Users/jongh/Documents/repo/Cyclone_V_NIOS_II/software/hello_world_bsp/\libhal_bsp.a(alt_irq_vars.o)
                0x00018670                alt_irq_active
 .sbss          0x00018674        0xc c:/Users/jongh/Documents/repo/Cyclone_V_NIOS_II/software/hello_world_bsp/\libhal_bsp.a(alt_tick.o)
                0x00018674                _alt_tick_rate
                0x00018678                _alt_nticks
 .sbss          0x00018680        0x4 c:/Users/jongh/Documents/repo/Cyclone_V_NIOS_II/software/hello_world_bsp/\libhal_bsp.a(alt_instruction_exception_entry.o)
                0x00018680                alt_instruction_exception_handler
 *(.sbss2 .sbss2.* .gnu.linkonce.sb2.*)
 *(.scommon)
                [!provide]                        PROVIDE (__sbss_end = ABSOLUTE (.))
                [!provide]                        PROVIDE (___sbss_end = ABSOLUTE (.))
 *(.dynbss)
 *(.bss .bss.* .gnu.linkonce.b.*)
 .bss           0x00018684        0x0 c:/Users/jongh/Documents/repo/Cyclone_V_NIOS_II/software/hello_world_bsp//obj/HAL/src/crt0.o
 .bss           0x00018684        0x0 obj/default/hello_world.o
 .bss           0x00018684        0x0 c:/intelfpga_lite/23.1std/nios2eds/bin/gnu/h-x86_64-mingw32/bin/../lib/gcc/nios2-elf/12.3.1/../../../../../H-x86_64-mingw32/nios2-elf/lib/mno-hw-mul\libc.a(libc_a-puts.o)
 .bss           0x00018684        0x0 c:/intelfpga_lite/23.1std/nios2eds/bin/gnu/h-x86_64-mingw32/bin/../lib/gcc/nios2-elf/12.3.1/../../../../../H-x86_64-mingw32/nios2-elf/lib/mno-hw-mul\libc.a(libc_a-strlen.o)
 .bss           0x00018684        0x0 c:/intelfpga_lite/23.1std/nios2eds/bin/gnu/h-x86_64-mingw32/bin/../lib/gcc/nios2-elf/12.3.1/../../../../../H-x86_64-mingw32/nios2-elf/lib/mno-hw-mul\libc.a(libc_a-impure.o)
 .bss           0x00018684        0x0 c:/intelfpga_lite/23.1std/nios2eds/bin/gnu/h-x86_64-mingw32/bin/../lib/gcc/nios2-elf/12.3.1/../../../../../H-x86_64-mingw32/nios2-elf/lib/mno-hw-mul\libc.a(libc_a-findfp.o)
 .bss.__sf      0x00018684      0x138 c:/intelfpga_lite/23.1std/nios2eds/bin/gnu/h-x86_64-mingw32/bin/../lib/gcc/nios2-elf/12.3.1/../../../../../H-x86_64-mingw32/nios2-elf/lib/mno-hw-mul\libc.a(libc_a-findfp.o)
                0x00018684                __sf
 .bss           0x000187bc        0x0 c:/intelfpga_lite/23.1std/nios2eds/bin/gnu/h-x86_64-mingw32/bin/../lib/gcc/nios2-elf/12.3.1/../../../../../H-x86_64-mingw32/nios2-elf/lib/mno-hw-mul\libc.a(libc_a-fvwrite.o)
 .bss           0x000187bc        0x0 c:/intelfpga_lite/23.1std/nios2eds/bin/gnu/h-x86_64-mingw32/bin/../lib/gcc/nios2-elf/12.3.1/../../../../../H-x86_64-mingw32/nios2-elf/lib/mno-hw-mul\libc.a(libc_a-fwalk.o)
 .bss           0x000187bc        0x0 c:/intelfpga_lite/23.1std/nios2eds/bin/gnu/h-x86_64-mingw32/bin/../lib/gcc/nios2-elf/12.3.1/../../../../../H-x86_64-mingw32/nios2-elf/lib/mno-hw-mul\libc.a(libc_a-stdio.o)
 .bss           0x000187bc        0x0 c:/intelfpga_lite/23.1std/nios2eds/bin/gnu/h-x86_64-mingw32/bin/../lib/gcc/nios2-elf/12.3.1/../../../../../H-x86_64-mingw32/nios2-elf/lib/mno-hw-mul\libc.a(libc_a-wsetup.o)
 .bss           0x000187bc        0x0 c:/intelfpga_lite/23.1std/nios2eds/bin/gnu/h-x86_64-mingw32/bin/../lib/gcc/nios2-elf/12.3.1/../../../../../H-x86_64-mingw32/nios2-elf/lib/mno-hw-mul\libc.a(libc_a-memchr.o)
 .bss           0x000187bc        0x0 c:/intelfpga_lite/23.1std/nios2eds/bin/gnu/h-x86_64-mingw32/bin/../lib/gcc/nios2-elf/12.3.1/../../../../../H-x86_64-mingw32/nios2-elf/lib/mno-hw-mul\libc.a(libc_a-memcpy.o)
 .bss           0x000187bc        0x0 c:/intelfpga_lite/23.1std/nios2eds/bin/gnu/h-x86_64-mingw32/bin/../lib/gcc/nios2-elf/12.3.1/../../../../../H-x86_64-mingw32/nios2-elf/lib/mno-hw-mul\libc.a(libc_a-memmove.o)
 .bss           0x000187bc        0x0 c:/intelfpga_lite/23.1std/nios2eds/bin/gnu/h-x86_64-mingw32/bin/../lib/gcc/nios2-elf/12.3.1/../../../../../H-x86_64-mingw32/nios2-elf/lib/mno-hw-mul\libc.a(libc_a-memset.o)
 .bss           0x000187bc        0x0 c:/intelfpga_lite/23.1std/nios2eds/bin/gnu/h-x86_64-mingw32/bin/../lib/gcc/nios2-elf/12.3.1/../../../../../H-x86_64-mingw32/nios2-elf/lib/mno-hw-mul\libc.a(libc_a-closer.o)
 .bss           0x000187bc        0x0 c:/intelfpga_lite/23.1std/nios2eds/bin/gnu/h-x86_64-mingw32/bin/../lib/gcc/nios2-elf/12.3.1/../../../../../H-x86_64-mingw32/nios2-elf/lib/mno-hw-mul\libc.a(libc_a-reent.o)
 .bss           0x000187bc        0x0 c:/intelfpga_lite/23.1std/nios2eds/bin/gnu/h-x86_64-mingw32/bin/../lib/gcc/nios2-elf/12.3.1/../../../../../H-x86_64-mingw32/nios2-elf/lib/mno-hw-mul\libc.a(libc_a-lseekr.o)
 .bss           0x000187bc        0x0 c:/intelfpga_lite/23.1std/nios2eds/bin/gnu/h-x86_64-mingw32/bin/../lib/gcc/nios2-elf/12.3.1/../../../../../H-x86_64-mingw32/nios2-elf/lib/mno-hw-mul\libc.a(libc_a-readr.o)
 .bss           0x000187bc        0x0 c:/intelfpga_lite/23.1std/nios2eds/bin/gnu/h-x86_64-mingw32/bin/../lib/gcc/nios2-elf/12.3.1/../../../../../H-x86_64-mingw32/nios2-elf/lib/mno-hw-mul\libc.a(libc_a-writer.o)
 .bss           0x000187bc        0x0 c:/intelfpga_lite/23.1std/nios2eds/bin/gnu/h-x86_64-mingw32/bin/../lib/gcc/nios2-elf/12.3.1/../../../../../H-x86_64-mingw32/nios2-elf/lib/mno-hw-mul\libc.a(libc_a-exit.o)
 .bss           0x000187bc        0x0 c:/intelfpga_lite/23.1std/nios2eds/bin/gnu/h-x86_64-mingw32/bin/../lib/gcc/nios2-elf/12.3.1/../../../../../H-x86_64-mingw32/nios2-elf/lib/mno-hw-mul\libc.a(libc_a-freer.o)
 .bss           0x000187bc        0x0 c:/intelfpga_lite/23.1std/nios2eds/bin/gnu/h-x86_64-mingw32/bin/../lib/gcc/nios2-elf/12.3.1/../../../../../H-x86_64-mingw32/nios2-elf/lib/mno-hw-mul\libc.a(libc_a-mallocr.o)
 .bss.__malloc_current_mallinfo
                0x000187bc       0x28 c:/intelfpga_lite/23.1std/nios2eds/bin/gnu/h-x86_64-mingw32/bin/../lib/gcc/nios2-elf/12.3.1/../../../../../H-x86_64-mingw32/nios2-elf/lib/mno-hw-mul\libc.a(libc_a-mallocr.o)
                0x000187bc                __malloc_current_mallinfo
 .bss           0x000187e4        0x0 c:/intelfpga_lite/23.1std/nios2eds/bin/gnu/h-x86_64-mingw32/bin/../lib/gcc/nios2-elf/12.3.1/../../../../../H-x86_64-mingw32/nios2-elf/lib/mno-hw-mul\libc.a(libc_a-reallocr.o)
 .bss           0x000187e4        0x0 c:/intelfpga_lite/23.1std/nios2eds/bin/gnu/h-x86_64-mingw32/bin/../lib/gcc/nios2-elf/12.3.1/../../../../../H-x86_64-mingw32/nios2-elf/lib/mno-hw-mul\libc.a(libc_a-fclose.o)
 .bss           0x000187e4        0x0 c:/intelfpga_lite/23.1std/nios2eds/bin/gnu/h-x86_64-mingw32/bin/../lib/gcc/nios2-elf/12.3.1/../../../../../H-x86_64-mingw32/nios2-elf/lib/mno-hw-mul\libc.a(libc_a-fflush.o)
 .bss           0x000187e4        0x0 c:/intelfpga_lite/23.1std/nios2eds/bin/gnu/h-x86_64-mingw32/bin/../lib/gcc/nios2-elf/12.3.1/../../../../../H-x86_64-mingw32/nios2-elf/lib/mno-hw-mul\libc.a(libc_a-makebuf.o)
 .bss           0x000187e4        0x0 c:/intelfpga_lite/23.1std/nios2eds/bin/gnu/h-x86_64-mingw32/bin/../lib/gcc/nios2-elf/12.3.1/../../../../../H-x86_64-mingw32/nios2-elf/lib/mno-hw-mul\libc.a(libc_a-fstatr.o)
 .bss           0x000187e4        0x0 c:/intelfpga_lite/23.1std/nios2eds/bin/gnu/h-x86_64-mingw32/bin/../lib/gcc/nios2-elf/12.3.1/../../../../../H-x86_64-mingw32/nios2-elf/lib/mno-hw-mul\libc.a(libc_a-isattyr.o)
 .bss           0x000187e4        0x0 c:/intelfpga_lite/23.1std/nios2eds/bin/gnu/h-x86_64-mingw32/bin/../lib/gcc/nios2-elf/12.3.1/../../../../../H-x86_64-mingw32/nios2-elf/lib/mno-hw-mul\libc.a(libc_a-sbrkr.o)
 .bss           0x000187e4        0x0 c:/intelfpga_lite/23.1std/nios2eds/bin/gnu/h-x86_64-mingw32/bin/../lib/gcc/nios2-elf/12.3.1/../../../../../H-x86_64-mingw32/nios2-elf/lib/mno-hw-mul\libc.a(libc_a-__call_atexit.o)
 .bss           0x000187e4        0x0 c:/intelfpga_lite/23.1std/nios2eds/bin/gnu/h-x86_64-mingw32/bin/../lib/gcc/nios2-elf/12.3.1/mno-hw-mul\libgcc.a(lib2-divmod.o)
 .bss           0x000187e4        0x0 c:/intelfpga_lite/23.1std/nios2eds/bin/gnu/h-x86_64-mingw32/bin/../lib/gcc/nios2-elf/12.3.1/mno-hw-mul\libgcc.a(lib2-mul.o)
 .bss           0x000187e4        0x0 c:/Users/jongh/Documents/repo/Cyclone_V_NIOS_II/software/hello_world_bsp/\libhal_bsp.a(alt_close.o)
 .bss           0x000187e4        0x0 c:/Users/jongh/Documents/repo/Cyclone_V_NIOS_II/software/hello_world_bsp/\libhal_bsp.a(alt_dev.o)
 .bss           0x000187e4        0x0 c:/Users/jongh/Documents/repo/Cyclone_V_NIOS_II/software/hello_world_bsp/\libhal_bsp.a(alt_errno.o)
 .bss           0x000187e4        0x0 c:/Users/jongh/Documents/repo/Cyclone_V_NIOS_II/software/hello_world_bsp/\libhal_bsp.a(alt_exit.o)
 .bss           0x000187e4        0x0 c:/Users/jongh/Documents/repo/Cyclone_V_NIOS_II/software/hello_world_bsp/\libhal_bsp.a(alt_fstat.o)
 .bss           0x000187e4        0x0 c:/Users/jongh/Documents/repo/Cyclone_V_NIOS_II/software/hello_world_bsp/\libhal_bsp.a(alt_isatty.o)
 .bss           0x000187e4        0x0 c:/Users/jongh/Documents/repo/Cyclone_V_NIOS_II/software/hello_world_bsp/\libhal_bsp.a(alt_load.o)
 .bss           0x000187e4        0x0 c:/Users/jongh/Documents/repo/Cyclone_V_NIOS_II/software/hello_world_bsp/\libhal_bsp.a(alt_lseek.o)
 .bss           0x000187e4        0x0 c:/Users/jongh/Documents/repo/Cyclone_V_NIOS_II/software/hello_world_bsp/\libhal_bsp.a(alt_main.o)
 .bss           0x000187e4        0x0 c:/Users/jongh/Documents/repo/Cyclone_V_NIOS_II/software/hello_world_bsp/\libhal_bsp.a(alt_malloc_lock.o)
 .bss           0x000187e4        0x0 c:/Users/jongh/Documents/repo/Cyclone_V_NIOS_II/software/hello_world_bsp/\libhal_bsp.a(alt_read.o)
 .bss           0x000187e4        0x0 c:/Users/jongh/Documents/repo/Cyclone_V_NIOS_II/software/hello_world_bsp/\libhal_bsp.a(alt_release_fd.o)
 .bss           0x000187e4        0x0 c:/Users/jongh/Documents/repo/Cyclone_V_NIOS_II/software/hello_world_bsp/\libhal_bsp.a(alt_sbrk.o)
 .bss           0x000187e4        0x0 c:/Users/jongh/Documents/repo/Cyclone_V_NIOS_II/software/hello_world_bsp/\libhal_bsp.a(alt_write.o)
 .bss           0x000187e4        0x0 c:/Users/jongh/Documents/repo/Cyclone_V_NIOS_II/software/hello_world_bsp/\libhal_bsp.a(alt_sys_init.o)
 .bss           0x000187e4        0x0 c:/Users/jongh/Documents/repo/Cyclone_V_NIOS_II/software/hello_world_bsp/\libhal_bsp.a(altera_avalon_jtag_uart_fd.o)
 .bss           0x000187e4        0x0 c:/Users/jongh/Documents/repo/Cyclone_V_NIOS_II/software/hello_world_bsp/\libhal_bsp.a(altera_avalon_jtag_uart_init.o)
 .bss           0x000187e4        0x0 c:/Users/jongh/Documents/repo/Cyclone_V_NIOS_II/software/hello_world_bsp/\libhal_bsp.a(altera_avalon_jtag_uart_ioctl.o)
 .bss           0x000187e4        0x0 c:/Users/jongh/Documents/repo/Cyclone_V_NIOS_II/software/hello_world_bsp/\libhal_bsp.a(altera_avalon_jtag_uart_read.o)
 .bss           0x000187e4        0x0 c:/Users/jongh/Documents/repo/Cyclone_V_NIOS_II/software/hello_world_bsp/\libhal_bsp.a(altera_avalon_jtag_uart_write.o)
 .bss           0x000187e4        0x0 c:/Users/jongh/Documents/repo/Cyclone_V_NIOS_II/software/hello_world_bsp/\libhal_bsp.a(alt_alarm_start.o)
 .bss           0x000187e4        0x0 c:/Users/jongh/Documents/repo/Cyclone_V_NIOS_II/software/hello_world_bsp/\libhal_bsp.a(alt_dcache_flush_all.o)
 .bss           0x000187e4        0x0 c:/Users/jongh/Documents/repo/Cyclone_V_NIOS_II/software/hello_world_bsp/\libhal_bsp.a(alt_dev_llist_insert.o)
 .bss           0x000187e4        0x0 c:/Users/jongh/Documents/repo/Cyclone_V_NIOS_II/software/hello_world_bsp/\libhal_bsp.a(alt_do_ctors.o)
 .bss           0x000187e4        0x0 c:/Users/jongh/Documents/repo/Cyclone_V_NIOS_II/software/hello_world_bsp/\libhal_bsp.a(alt_do_dtors.o)
 .bss           0x000187e4        0x0 c:/Users/jongh/Documents/repo/Cyclone_V_NIOS_II/software/hello_world_bsp/\libhal_bsp.a(alt_icache_flush_all.o)
 .bss           0x000187e4        0x0 c:/Users/jongh/Documents/repo/Cyclone_V_NIOS_II/software/hello_world_bsp/\libhal_bsp.a(alt_iic.o)
 .bss           0x000187e4        0x0 c:/Users/jongh/Documents/repo/Cyclone_V_NIOS_II/software/hello_world_bsp/\libhal_bsp.a(alt_iic_isr_register.o)
 .bss           0x000187e4        0x0 c:/Users/jongh/Documents/repo/Cyclone_V_NIOS_II/software/hello_world_bsp/\libhal_bsp.a(alt_io_redirect.o)
 .bss           0x000187e4        0x0 c:/Users/jongh/Documents/repo/Cyclone_V_NIOS_II/software/hello_world_bsp/\libhal_bsp.a(alt_irq_entry.o)
 .bss           0x000187e4      0x100 c:/Users/jongh/Documents/repo/Cyclone_V_NIOS_II/software/hello_world_bsp/\libhal_bsp.a(alt_irq_handler.o)
                0x000187e4                alt_irq
 .bss           0x000188e4        0x0 c:/Users/jongh/Documents/repo/Cyclone_V_NIOS_II/software/hello_world_bsp/\libhal_bsp.a(alt_irq_vars.o)
 .bss           0x000188e4        0x0 c:/Users/jongh/Documents/repo/Cyclone_V_NIOS_II/software/hello_world_bsp/\libhal_bsp.a(alt_open.o)
 .bss           0x000188e4        0x0 c:/Users/jongh/Documents/repo/Cyclone_V_NIOS_II/software/hello_world_bsp/\libhal_bsp.a(alt_tick.o)
 .bss           0x000188e4        0x0 c:/Users/jongh/Documents/repo/Cyclone_V_NIOS_II/software/hello_world_bsp/\libhal_bsp.a(altera_nios2_gen2_irq.o)
 .bss           0x000188e4        0x0 c:/Users/jongh/Documents/repo/Cyclone_V_NIOS_II/software/hello_world_bsp/\libhal_bsp.a(alt_exception_entry.o)
 .bss           0x000188e4        0x0 c:/Users/jongh/Documents/repo/Cyclone_V_NIOS_II/software/hello_world_bsp/\libhal_bsp.a(alt_find_dev.o)
 .bss           0x000188e4        0x0 c:/Users/jongh/Documents/repo/Cyclone_V_NIOS_II/software/hello_world_bsp/\libhal_bsp.a(alt_find_file.o)
 .bss           0x000188e4        0x0 c:/Users/jongh/Documents/repo/Cyclone_V_NIOS_II/software/hello_world_bsp/\libhal_bsp.a(alt_get_fd.o)
 .bss           0x000188e4        0x0 c:/Users/jongh/Documents/repo/Cyclone_V_NIOS_II/software/hello_world_bsp/\libhal_bsp.a(alt_instruction_exception_entry.o)
 .bss           0x000188e4        0x0 c:/intelfpga_lite/23.1std/nios2eds/bin/gnu/h-x86_64-mingw32/bin/../lib/gcc/nios2-elf/12.3.1/../../../../../H-x86_64-mingw32/nios2-elf/lib/mno-hw-mul\libc.a(libc_a-atexit.o)
 .bss           0x000188e4        0x0 c:/intelfpga_lite/23.1std/nios2eds/bin/gnu/h-x86_64-mingw32/bin/../lib/gcc/nios2-elf/12.3.1/../../../../../H-x86_64-mingw32/nios2-elf/lib/mno-hw-mul\libc.a(libc_a-memcmp.o)
 .bss           0x000188e4        0x0 c:/intelfpga_lite/23.1std/nios2eds/bin/gnu/h-x86_64-mingw32/bin/../lib/gcc/nios2-elf/12.3.1/../../../../../H-x86_64-mingw32/nios2-elf/lib/mno-hw-mul\libc.a(libc_a-__atexit.o)
 .bss.__atexit0
                0x000188e4      0x190 c:/intelfpga_lite/23.1std/nios2eds/bin/gnu/h-x86_64-mingw32/bin/../lib/gcc/nios2-elf/12.3.1/../../../../../H-x86_64-mingw32/nios2-elf/lib/mno-hw-mul\libc.a(libc_a-__atexit.o)
                0x000188e4                __atexit0
 *(COMMON)
                0x00018a74                        . = ALIGN (0x4)
                0x00018a74                        __bss_end = ABSOLUTE (.)

.onchip_memory2_0
                0x00018a74        0x0
                [!provide]                        PROVIDE (_alt_partition_onchip_memory2_0_start = ABSOLUTE (.))
 *(.onchip_memory2_0 .onchip_memory2_0. onchip_memory2_0.*)
                0x00018a74                        . = ALIGN (0x4)
                [!provide]                        PROVIDE (_alt_partition_onchip_memory2_0_end = ABSOLUTE (.))
                0x00018a74                        _end = ABSOLUTE (.)
                0x00018a74                        end = ABSOLUTE (.)
                0x00018a74                        __alt_stack_base = ABSOLUTE (.)
                [!provide]                        PROVIDE (_alt_partition_onchip_memory2_0_load_addr = LOADADDR (.onchip_memory2_0))

.stab
 *(.stab)

.stabstr
 *(.stabstr)

.stab.excl
 *(.stab.excl)

.stab.exclstr
 *(.stab.exclstr)

.stab.index
 *(.stab.index)

.stab.indexstr
 *(.stab.indexstr)

.comment        0x00000000       0x5a
 *(.comment)
 .comment       0x00000000       0x2d obj/default/hello_world.o
                                 0x2e (size before relaxing)
 .comment       0x0000002d       0x2d c:/intelfpga_lite/23.1std/nios2eds/bin/gnu/h-x86_64-mingw32/bin/../lib/gcc/nios2-elf/12.3.1/../../../../../H-x86_64-mingw32/nios2-elf/lib/mno-hw-mul\libc.a(libc_a-puts.o)
                                 0x2e (size before relaxing)
 .comment       0x0000005a       0x2e c:/intelfpga_lite/23.1std/nios2eds/bin/gnu/h-x86_64-mingw32/bin/../lib/gcc/nios2-elf/12.3.1/../../../../../H-x86_64-mingw32/nios2-elf/lib/mno-hw-mul\libc.a(libc_a-strlen.o)
 .comment       0x0000005a       0x2e c:/intelfpga_lite/23.1std/nios2eds/bin/gnu/h-x86_64-mingw32/bin/../lib/gcc/nios2-elf/12.3.1/../../../../../H-x86_64-mingw32/nios2-elf/lib/mno-hw-mul\libc.a(libc_a-impure.o)
 .comment       0x0000005a       0x2e c:/intelfpga_lite/23.1std/nios2eds/bin/gnu/h-x86_64-mingw32/bin/../lib/gcc/nios2-elf/12.3.1/../../../../../H-x86_64-mingw32/nios2-elf/lib/mno-hw-mul\libc.a(libc_a-findfp.o)
 .comment       0x0000005a       0x2e c:/intelfpga_lite/23.1std/nios2eds/bin/gnu/h-x86_64-mingw32/bin/../lib/gcc/nios2-elf/12.3.1/../../../../../H-x86_64-mingw32/nios2-elf/lib/mno-hw-mul\libc.a(libc_a-fvwrite.o)
 .comment       0x0000005a       0x2e c:/intelfpga_lite/23.1std/nios2eds/bin/gnu/h-x86_64-mingw32/bin/../lib/gcc/nios2-elf/12.3.1/../../../../../H-x86_64-mingw32/nios2-elf/lib/mno-hw-mul\libc.a(libc_a-fwalk.o)
 .comment       0x0000005a       0x2e c:/intelfpga_lite/23.1std/nios2eds/bin/gnu/h-x86_64-mingw32/bin/../lib/gcc/nios2-elf/12.3.1/../../../../../H-x86_64-mingw32/nios2-elf/lib/mno-hw-mul\libc.a(libc_a-stdio.o)
 .comment       0x0000005a       0x2e c:/intelfpga_lite/23.1std/nios2eds/bin/gnu/h-x86_64-mingw32/bin/../lib/gcc/nios2-elf/12.3.1/../../../../../H-x86_64-mingw32/nios2-elf/lib/mno-hw-mul\libc.a(libc_a-wsetup.o)
 .comment       0x0000005a       0x2e c:/intelfpga_lite/23.1std/nios2eds/bin/gnu/h-x86_64-mingw32/bin/../lib/gcc/nios2-elf/12.3.1/../../../../../H-x86_64-mingw32/nios2-elf/lib/mno-hw-mul\libc.a(libc_a-memchr.o)
 .comment       0x0000005a       0x2e c:/intelfpga_lite/23.1std/nios2eds/bin/gnu/h-x86_64-mingw32/bin/../lib/gcc/nios2-elf/12.3.1/../../../../../H-x86_64-mingw32/nios2-elf/lib/mno-hw-mul\libc.a(libc_a-memcpy.o)
 .comment       0x0000005a       0x2e c:/intelfpga_lite/23.1std/nios2eds/bin/gnu/h-x86_64-mingw32/bin/../lib/gcc/nios2-elf/12.3.1/../../../../../H-x86_64-mingw32/nios2-elf/lib/mno-hw-mul\libc.a(libc_a-memmove.o)
 .comment       0x0000005a       0x2e c:/intelfpga_lite/23.1std/nios2eds/bin/gnu/h-x86_64-mingw32/bin/../lib/gcc/nios2-elf/12.3.1/../../../../../H-x86_64-mingw32/nios2-elf/lib/mno-hw-mul\libc.a(libc_a-memset.o)
 .comment       0x0000005a       0x2e c:/intelfpga_lite/23.1std/nios2eds/bin/gnu/h-x86_64-mingw32/bin/../lib/gcc/nios2-elf/12.3.1/../../../../../H-x86_64-mingw32/nios2-elf/lib/mno-hw-mul\libc.a(libc_a-closer.o)
 .comment       0x0000005a       0x2e c:/intelfpga_lite/23.1std/nios2eds/bin/gnu/h-x86_64-mingw32/bin/../lib/gcc/nios2-elf/12.3.1/../../../../../H-x86_64-mingw32/nios2-elf/lib/mno-hw-mul\libc.a(libc_a-reent.o)
 .comment       0x0000005a       0x2e c:/intelfpga_lite/23.1std/nios2eds/bin/gnu/h-x86_64-mingw32/bin/../lib/gcc/nios2-elf/12.3.1/../../../../../H-x86_64-mingw32/nios2-elf/lib/mno-hw-mul\libc.a(libc_a-lseekr.o)
 .comment       0x0000005a       0x2e c:/intelfpga_lite/23.1std/nios2eds/bin/gnu/h-x86_64-mingw32/bin/../lib/gcc/nios2-elf/12.3.1/../../../../../H-x86_64-mingw32/nios2-elf/lib/mno-hw-mul\libc.a(libc_a-readr.o)
 .comment       0x0000005a       0x2e c:/intelfpga_lite/23.1std/nios2eds/bin/gnu/h-x86_64-mingw32/bin/../lib/gcc/nios2-elf/12.3.1/../../../../../H-x86_64-mingw32/nios2-elf/lib/mno-hw-mul\libc.a(libc_a-writer.o)
 .comment       0x0000005a       0x2e c:/intelfpga_lite/23.1std/nios2eds/bin/gnu/h-x86_64-mingw32/bin/../lib/gcc/nios2-elf/12.3.1/../../../../../H-x86_64-mingw32/nios2-elf/lib/mno-hw-mul\libc.a(libc_a-exit.o)
 .comment       0x0000005a       0x2e c:/intelfpga_lite/23.1std/nios2eds/bin/gnu/h-x86_64-mingw32/bin/../lib/gcc/nios2-elf/12.3.1/../../../../../H-x86_64-mingw32/nios2-elf/lib/mno-hw-mul\libc.a(libc_a-freer.o)
 .comment       0x0000005a       0x2e c:/intelfpga_lite/23.1std/nios2eds/bin/gnu/h-x86_64-mingw32/bin/../lib/gcc/nios2-elf/12.3.1/../../../../../H-x86_64-mingw32/nios2-elf/lib/mno-hw-mul\libc.a(libc_a-mallocr.o)
 .comment       0x0000005a       0x2e c:/intelfpga_lite/23.1std/nios2eds/bin/gnu/h-x86_64-mingw32/bin/../lib/gcc/nios2-elf/12.3.1/../../../../../H-x86_64-mingw32/nios2-elf/lib/mno-hw-mul\libc.a(libc_a-reallocr.o)
 .comment       0x0000005a       0x2e c:/intelfpga_lite/23.1std/nios2eds/bin/gnu/h-x86_64-mingw32/bin/../lib/gcc/nios2-elf/12.3.1/../../../../../H-x86_64-mingw32/nios2-elf/lib/mno-hw-mul\libc.a(libc_a-fclose.o)
 .comment       0x0000005a       0x2e c:/intelfpga_lite/23.1std/nios2eds/bin/gnu/h-x86_64-mingw32/bin/../lib/gcc/nios2-elf/12.3.1/../../../../../H-x86_64-mingw32/nios2-elf/lib/mno-hw-mul\libc.a(libc_a-fflush.o)
 .comment       0x0000005a       0x2e c:/intelfpga_lite/23.1std/nios2eds/bin/gnu/h-x86_64-mingw32/bin/../lib/gcc/nios2-elf/12.3.1/../../../../../H-x86_64-mingw32/nios2-elf/lib/mno-hw-mul\libc.a(libc_a-makebuf.o)
 .comment       0x0000005a       0x2e c:/intelfpga_lite/23.1std/nios2eds/bin/gnu/h-x86_64-mingw32/bin/../lib/gcc/nios2-elf/12.3.1/../../../../../H-x86_64-mingw32/nios2-elf/lib/mno-hw-mul\libc.a(libc_a-fstatr.o)
 .comment       0x0000005a       0x2e c:/intelfpga_lite/23.1std/nios2eds/bin/gnu/h-x86_64-mingw32/bin/../lib/gcc/nios2-elf/12.3.1/../../../../../H-x86_64-mingw32/nios2-elf/lib/mno-hw-mul\libc.a(libc_a-isattyr.o)
 .comment       0x0000005a       0x2e c:/intelfpga_lite/23.1std/nios2eds/bin/gnu/h-x86_64-mingw32/bin/../lib/gcc/nios2-elf/12.3.1/../../../../../H-x86_64-mingw32/nios2-elf/lib/mno-hw-mul\libc.a(libc_a-sbrkr.o)
 .comment       0x0000005a       0x2e c:/intelfpga_lite/23.1std/nios2eds/bin/gnu/h-x86_64-mingw32/bin/../lib/gcc/nios2-elf/12.3.1/../../../../../H-x86_64-mingw32/nios2-elf/lib/mno-hw-mul\libc.a(libc_a-__call_atexit.o)
 .comment       0x0000005a       0x2e c:/intelfpga_lite/23.1std/nios2eds/bin/gnu/h-x86_64-mingw32/bin/../lib/gcc/nios2-elf/12.3.1/mno-hw-mul\libgcc.a(lib2-divmod.o)
 .comment       0x0000005a       0x2e c:/intelfpga_lite/23.1std/nios2eds/bin/gnu/h-x86_64-mingw32/bin/../lib/gcc/nios2-elf/12.3.1/mno-hw-mul\libgcc.a(lib2-mul.o)
 .comment       0x0000005a       0x2e c:/Users/jongh/Documents/repo/Cyclone_V_NIOS_II/software/hello_world_bsp/\libhal_bsp.a(alt_close.o)
 .comment       0x0000005a       0x2e c:/Users/jongh/Documents/repo/Cyclone_V_NIOS_II/software/hello_world_bsp/\libhal_bsp.a(alt_dev.o)
 .comment       0x0000005a       0x2e c:/Users/jongh/Documents/repo/Cyclone_V_NIOS_II/software/hello_world_bsp/\libhal_bsp.a(alt_errno.o)
 .comment       0x0000005a       0x2e c:/Users/jongh/Documents/repo/Cyclone_V_NIOS_II/software/hello_world_bsp/\libhal_bsp.a(alt_exit.o)
 .comment       0x0000005a       0x2e c:/Users/jongh/Documents/repo/Cyclone_V_NIOS_II/software/hello_world_bsp/\libhal_bsp.a(alt_fstat.o)
 .comment       0x0000005a       0x2e c:/Users/jongh/Documents/repo/Cyclone_V_NIOS_II/software/hello_world_bsp/\libhal_bsp.a(alt_isatty.o)
 .comment       0x0000005a       0x2e c:/Users/jongh/Documents/repo/Cyclone_V_NIOS_II/software/hello_world_bsp/\libhal_bsp.a(alt_load.o)
 .comment       0x0000005a       0x2e c:/Users/jongh/Documents/repo/Cyclone_V_NIOS_II/software/hello_world_bsp/\libhal_bsp.a(alt_lseek.o)
 .comment       0x0000005a       0x2e c:/Users/jongh/Documents/repo/Cyclone_V_NIOS_II/software/hello_world_bsp/\libhal_bsp.a(alt_main.o)
 .comment       0x0000005a       0x2e c:/Users/jongh/Documents/repo/Cyclone_V_NIOS_II/software/hello_world_bsp/\libhal_bsp.a(alt_malloc_lock.o)
 .comment       0x0000005a       0x2e c:/Users/jongh/Documents/repo/Cyclone_V_NIOS_II/software/hello_world_bsp/\libhal_bsp.a(alt_read.o)
 .comment       0x0000005a       0x2e c:/Users/jongh/Documents/repo/Cyclone_V_NIOS_II/software/hello_world_bsp/\libhal_bsp.a(alt_release_fd.o)
 .comment       0x0000005a       0x2e c:/Users/jongh/Documents/repo/Cyclone_V_NIOS_II/software/hello_world_bsp/\libhal_bsp.a(alt_sbrk.o)
 .comment       0x0000005a       0x2e c:/Users/jongh/Documents/repo/Cyclone_V_NIOS_II/software/hello_world_bsp/\libhal_bsp.a(alt_write.o)
 .comment       0x0000005a       0x2e c:/Users/jongh/Documents/repo/Cyclone_V_NIOS_II/software/hello_world_bsp/\libhal_bsp.a(alt_sys_init.o)
 .comment       0x0000005a       0x2e c:/Users/jongh/Documents/repo/Cyclone_V_NIOS_II/software/hello_world_bsp/\libhal_bsp.a(altera_avalon_jtag_uart_fd.o)
 .comment       0x0000005a       0x2e c:/Users/jongh/Documents/repo/Cyclone_V_NIOS_II/software/hello_world_bsp/\libhal_bsp.a(altera_avalon_jtag_uart_init.o)
 .comment       0x0000005a       0x2e c:/Users/jongh/Documents/repo/Cyclone_V_NIOS_II/software/hello_world_bsp/\libhal_bsp.a(altera_avalon_jtag_uart_ioctl.o)
 .comment       0x0000005a       0x2e c:/Users/jongh/Documents/repo/Cyclone_V_NIOS_II/software/hello_world_bsp/\libhal_bsp.a(altera_avalon_jtag_uart_read.o)
 .comment       0x0000005a       0x2e c:/Users/jongh/Documents/repo/Cyclone_V_NIOS_II/software/hello_world_bsp/\libhal_bsp.a(altera_avalon_jtag_uart_write.o)
 .comment       0x0000005a       0x2e c:/Users/jongh/Documents/repo/Cyclone_V_NIOS_II/software/hello_world_bsp/\libhal_bsp.a(alt_alarm_start.o)
 .comment       0x0000005a       0x2e c:/Users/jongh/Documents/repo/Cyclone_V_NIOS_II/software/hello_world_bsp/\libhal_bsp.a(alt_dcache_flush_all.o)
 .comment       0x0000005a       0x2e c:/Users/jongh/Documents/repo/Cyclone_V_NIOS_II/software/hello_world_bsp/\libhal_bsp.a(alt_dev_llist_insert.o)
 .comment       0x0000005a       0x2e c:/Users/jongh/Documents/repo/Cyclone_V_NIOS_II/software/hello_world_bsp/\libhal_bsp.a(alt_do_ctors.o)
 .comment       0x0000005a       0x2e c:/Users/jongh/Documents/repo/Cyclone_V_NIOS_II/software/hello_world_bsp/\libhal_bsp.a(alt_do_dtors.o)
 .comment       0x0000005a       0x2e c:/Users/jongh/Documents/repo/Cyclone_V_NIOS_II/software/hello_world_bsp/\libhal_bsp.a(alt_icache_flush_all.o)
 .comment       0x0000005a       0x2e c:/Users/jongh/Documents/repo/Cyclone_V_NIOS_II/software/hello_world_bsp/\libhal_bsp.a(alt_iic.o)
 .comment       0x0000005a       0x2e c:/Users/jongh/Documents/repo/Cyclone_V_NIOS_II/software/hello_world_bsp/\libhal_bsp.a(alt_iic_isr_register.o)
 .comment       0x0000005a       0x2e c:/Users/jongh/Documents/repo/Cyclone_V_NIOS_II/software/hello_world_bsp/\libhal_bsp.a(alt_io_redirect.o)
 .comment       0x0000005a       0x2e c:/Users/jongh/Documents/repo/Cyclone_V_NIOS_II/software/hello_world_bsp/\libhal_bsp.a(alt_irq_handler.o)
 .comment       0x0000005a       0x2e c:/Users/jongh/Documents/repo/Cyclone_V_NIOS_II/software/hello_world_bsp/\libhal_bsp.a(alt_irq_vars.o)
 .comment       0x0000005a       0x2e c:/Users/jongh/Documents/repo/Cyclone_V_NIOS_II/software/hello_world_bsp/\libhal_bsp.a(alt_open.o)
 .comment       0x0000005a       0x2e c:/Users/jongh/Documents/repo/Cyclone_V_NIOS_II/software/hello_world_bsp/\libhal_bsp.a(alt_tick.o)
 .comment       0x0000005a       0x2e c:/Users/jongh/Documents/repo/Cyclone_V_NIOS_II/software/hello_world_bsp/\libhal_bsp.a(altera_nios2_gen2_irq.o)
 .comment       0x0000005a       0x2e c:/Users/jongh/Documents/repo/Cyclone_V_NIOS_II/software/hello_world_bsp/\libhal_bsp.a(alt_find_dev.o)
 .comment       0x0000005a       0x2e c:/Users/jongh/Documents/repo/Cyclone_V_NIOS_II/software/hello_world_bsp/\libhal_bsp.a(alt_find_file.o)
 .comment       0x0000005a       0x2e c:/Users/jongh/Documents/repo/Cyclone_V_NIOS_II/software/hello_world_bsp/\libhal_bsp.a(alt_get_fd.o)
 .comment       0x0000005a       0x2e c:/Users/jongh/Documents/repo/Cyclone_V_NIOS_II/software/hello_world_bsp/\libhal_bsp.a(alt_instruction_exception_entry.o)
 .comment       0x0000005a       0x2e c:/intelfpga_lite/23.1std/nios2eds/bin/gnu/h-x86_64-mingw32/bin/../lib/gcc/nios2-elf/12.3.1/../../../../../H-x86_64-mingw32/nios2-elf/lib/mno-hw-mul\libc.a(libc_a-atexit.o)
 .comment       0x0000005a       0x2e c:/intelfpga_lite/23.1std/nios2eds/bin/gnu/h-x86_64-mingw32/bin/../lib/gcc/nios2-elf/12.3.1/../../../../../H-x86_64-mingw32/nios2-elf/lib/mno-hw-mul\libc.a(libc_a-memcmp.o)
 .comment       0x0000005a       0x2e c:/intelfpga_lite/23.1std/nios2eds/bin/gnu/h-x86_64-mingw32/bin/../lib/gcc/nios2-elf/12.3.1/../../../../../H-x86_64-mingw32/nios2-elf/lib/mno-hw-mul\libc.a(libc_a-__atexit.o)

.debug
 *(.debug)

.line
 *(.line)

.debug_srcinfo
 *(.debug_srcinfo)

.debug_sfnames
 *(.debug_sfnames)

.debug_aranges  0x00000000      0xa18
 *(.debug_aranges)
 .debug_aranges
                0x00000000       0x28 c:/Users/jongh/Documents/repo/Cyclone_V_NIOS_II/software/hello_world_bsp//obj/HAL/src/crt0.o
 .debug_aranges
                0x00000028       0x20 obj/default/hello_world.o
 .debug_aranges
                0x00000048       0x28 c:/intelfpga_lite/23.1std/nios2eds/bin/gnu/h-x86_64-mingw32/bin/../lib/gcc/nios2-elf/12.3.1/../../../../../H-x86_64-mingw32/nios2-elf/lib/mno-hw-mul\libc.a(libc_a-puts.o)
 .debug_aranges
                0x00000070       0x20 c:/intelfpga_lite/23.1std/nios2eds/bin/gnu/h-x86_64-mingw32/bin/../lib/gcc/nios2-elf/12.3.1/../../../../../H-x86_64-mingw32/nios2-elf/lib/mno-hw-mul\libc.a(libc_a-strlen.o)
 .debug_aranges
                0x00000090       0x18 c:/intelfpga_lite/23.1std/nios2eds/bin/gnu/h-x86_64-mingw32/bin/../lib/gcc/nios2-elf/12.3.1/../../../../../H-x86_64-mingw32/nios2-elf/lib/mno-hw-mul\libc.a(libc_a-impure.o)
 .debug_aranges
                0x000000a8       0x70 c:/intelfpga_lite/23.1std/nios2eds/bin/gnu/h-x86_64-mingw32/bin/../lib/gcc/nios2-elf/12.3.1/../../../../../H-x86_64-mingw32/nios2-elf/lib/mno-hw-mul\libc.a(libc_a-findfp.o)
 .debug_aranges
                0x00000118       0x20 c:/intelfpga_lite/23.1std/nios2eds/bin/gnu/h-x86_64-mingw32/bin/../lib/gcc/nios2-elf/12.3.1/../../../../../H-x86_64-mingw32/nios2-elf/lib/mno-hw-mul\libc.a(libc_a-fvwrite.o)
 .debug_aranges
                0x00000138       0x20 c:/intelfpga_lite/23.1std/nios2eds/bin/gnu/h-x86_64-mingw32/bin/../lib/gcc/nios2-elf/12.3.1/../../../../../H-x86_64-mingw32/nios2-elf/lib/mno-hw-mul\libc.a(libc_a-fwalk.o)
 .debug_aranges
                0x00000158       0x40 c:/intelfpga_lite/23.1std/nios2eds/bin/gnu/h-x86_64-mingw32/bin/../lib/gcc/nios2-elf/12.3.1/../../../../../H-x86_64-mingw32/nios2-elf/lib/mno-hw-mul\libc.a(libc_a-stdio.o)
 .debug_aranges
                0x00000198       0x20 c:/intelfpga_lite/23.1std/nios2eds/bin/gnu/h-x86_64-mingw32/bin/../lib/gcc/nios2-elf/12.3.1/../../../../../H-x86_64-mingw32/nios2-elf/lib/mno-hw-mul\libc.a(libc_a-wsetup.o)
 .debug_aranges
                0x000001b8       0x20 c:/intelfpga_lite/23.1std/nios2eds/bin/gnu/h-x86_64-mingw32/bin/../lib/gcc/nios2-elf/12.3.1/../../../../../H-x86_64-mingw32/nios2-elf/lib/mno-hw-mul\libc.a(libc_a-memchr.o)
 .debug_aranges
                0x000001d8       0x20 c:/intelfpga_lite/23.1std/nios2eds/bin/gnu/h-x86_64-mingw32/bin/../lib/gcc/nios2-elf/12.3.1/../../../../../H-x86_64-mingw32/nios2-elf/lib/mno-hw-mul\libc.a(libc_a-memcpy.o)
 .debug_aranges
                0x000001f8       0x20 c:/intelfpga_lite/23.1std/nios2eds/bin/gnu/h-x86_64-mingw32/bin/../lib/gcc/nios2-elf/12.3.1/../../../../../H-x86_64-mingw32/nios2-elf/lib/mno-hw-mul\libc.a(libc_a-memmove.o)
 .debug_aranges
                0x00000218       0x20 c:/intelfpga_lite/23.1std/nios2eds/bin/gnu/h-x86_64-mingw32/bin/../lib/gcc/nios2-elf/12.3.1/../../../../../H-x86_64-mingw32/nios2-elf/lib/mno-hw-mul\libc.a(libc_a-memset.o)
 .debug_aranges
                0x00000238       0x20 c:/intelfpga_lite/23.1std/nios2eds/bin/gnu/h-x86_64-mingw32/bin/../lib/gcc/nios2-elf/12.3.1/../../../../../H-x86_64-mingw32/nios2-elf/lib/mno-hw-mul\libc.a(libc_a-closer.o)
 .debug_aranges
                0x00000258       0x20 c:/intelfpga_lite/23.1std/nios2eds/bin/gnu/h-x86_64-mingw32/bin/../lib/gcc/nios2-elf/12.3.1/../../../../../H-x86_64-mingw32/nios2-elf/lib/mno-hw-mul\libc.a(libc_a-reent.o)
 .debug_aranges
                0x00000278       0x20 c:/intelfpga_lite/23.1std/nios2eds/bin/gnu/h-x86_64-mingw32/bin/../lib/gcc/nios2-elf/12.3.1/../../../../../H-x86_64-mingw32/nios2-elf/lib/mno-hw-mul\libc.a(libc_a-lseekr.o)
 .debug_aranges
                0x00000298       0x20 c:/intelfpga_lite/23.1std/nios2eds/bin/gnu/h-x86_64-mingw32/bin/../lib/gcc/nios2-elf/12.3.1/../../../../../H-x86_64-mingw32/nios2-elf/lib/mno-hw-mul\libc.a(libc_a-readr.o)
 .debug_aranges
                0x000002b8       0x20 c:/intelfpga_lite/23.1std/nios2eds/bin/gnu/h-x86_64-mingw32/bin/../lib/gcc/nios2-elf/12.3.1/../../../../../H-x86_64-mingw32/nios2-elf/lib/mno-hw-mul\libc.a(libc_a-writer.o)
 .debug_aranges
                0x000002d8       0x20 c:/intelfpga_lite/23.1std/nios2eds/bin/gnu/h-x86_64-mingw32/bin/../lib/gcc/nios2-elf/12.3.1/../../../../../H-x86_64-mingw32/nios2-elf/lib/mno-hw-mul\libc.a(libc_a-exit.o)
 .debug_aranges
                0x000002f8       0x28 c:/intelfpga_lite/23.1std/nios2eds/bin/gnu/h-x86_64-mingw32/bin/../lib/gcc/nios2-elf/12.3.1/../../../../../H-x86_64-mingw32/nios2-elf/lib/mno-hw-mul\libc.a(libc_a-freer.o)
 .debug_aranges
                0x00000320       0x20 c:/intelfpga_lite/23.1std/nios2eds/bin/gnu/h-x86_64-mingw32/bin/../lib/gcc/nios2-elf/12.3.1/../../../../../H-x86_64-mingw32/nios2-elf/lib/mno-hw-mul\libc.a(libc_a-mallocr.o)
 .debug_aranges
                0x00000340       0x20 c:/intelfpga_lite/23.1std/nios2eds/bin/gnu/h-x86_64-mingw32/bin/../lib/gcc/nios2-elf/12.3.1/../../../../../H-x86_64-mingw32/nios2-elf/lib/mno-hw-mul\libc.a(libc_a-reallocr.o)
 .debug_aranges
                0x00000360       0x28 c:/intelfpga_lite/23.1std/nios2eds/bin/gnu/h-x86_64-mingw32/bin/../lib/gcc/nios2-elf/12.3.1/../../../../../H-x86_64-mingw32/nios2-elf/lib/mno-hw-mul\libc.a(libc_a-fclose.o)
 .debug_aranges
                0x00000388       0x30 c:/intelfpga_lite/23.1std/nios2eds/bin/gnu/h-x86_64-mingw32/bin/../lib/gcc/nios2-elf/12.3.1/../../../../../H-x86_64-mingw32/nios2-elf/lib/mno-hw-mul\libc.a(libc_a-fflush.o)
 .debug_aranges
                0x000003b8       0x28 c:/intelfpga_lite/23.1std/nios2eds/bin/gnu/h-x86_64-mingw32/bin/../lib/gcc/nios2-elf/12.3.1/../../../../../H-x86_64-mingw32/nios2-elf/lib/mno-hw-mul\libc.a(libc_a-makebuf.o)
 .debug_aranges
                0x000003e0       0x20 c:/intelfpga_lite/23.1std/nios2eds/bin/gnu/h-x86_64-mingw32/bin/../lib/gcc/nios2-elf/12.3.1/../../../../../H-x86_64-mingw32/nios2-elf/lib/mno-hw-mul\libc.a(libc_a-fstatr.o)
 .debug_aranges
                0x00000400       0x20 c:/intelfpga_lite/23.1std/nios2eds/bin/gnu/h-x86_64-mingw32/bin/../lib/gcc/nios2-elf/12.3.1/../../../../../H-x86_64-mingw32/nios2-elf/lib/mno-hw-mul\libc.a(libc_a-isattyr.o)
 .debug_aranges
                0x00000420       0x20 c:/intelfpga_lite/23.1std/nios2eds/bin/gnu/h-x86_64-mingw32/bin/../lib/gcc/nios2-elf/12.3.1/../../../../../H-x86_64-mingw32/nios2-elf/lib/mno-hw-mul\libc.a(libc_a-sbrkr.o)
 .debug_aranges
                0x00000440       0x20 c:/intelfpga_lite/23.1std/nios2eds/bin/gnu/h-x86_64-mingw32/bin/../lib/gcc/nios2-elf/12.3.1/../../../../../H-x86_64-mingw32/nios2-elf/lib/mno-hw-mul\libc.a(libc_a-__call_atexit.o)
 .debug_aranges
                0x00000460       0x20 c:/intelfpga_lite/23.1std/nios2eds/bin/gnu/h-x86_64-mingw32/bin/../lib/gcc/nios2-elf/12.3.1/mno-hw-mul\libgcc.a(lib2-divmod.o)
 .debug_aranges
                0x00000480       0x20 c:/intelfpga_lite/23.1std/nios2eds/bin/gnu/h-x86_64-mingw32/bin/../lib/gcc/nios2-elf/12.3.1/mno-hw-mul\libgcc.a(lib2-mul.o)
 .debug_aranges
                0x000004a0       0x20 c:/Users/jongh/Documents/repo/Cyclone_V_NIOS_II/software/hello_world_bsp/\libhal_bsp.a(alt_close.o)
 .debug_aranges
                0x000004c0       0x20 c:/Users/jongh/Documents/repo/Cyclone_V_NIOS_II/software/hello_world_bsp/\libhal_bsp.a(alt_dev.o)
 .debug_aranges
                0x000004e0       0x18 c:/Users/jongh/Documents/repo/Cyclone_V_NIOS_II/software/hello_world_bsp/\libhal_bsp.a(alt_errno.o)
 .debug_aranges
                0x000004f8       0x20 c:/Users/jongh/Documents/repo/Cyclone_V_NIOS_II/software/hello_world_bsp/\libhal_bsp.a(alt_exit.o)
 .debug_aranges
                0x00000518       0x20 c:/Users/jongh/Documents/repo/Cyclone_V_NIOS_II/software/hello_world_bsp/\libhal_bsp.a(alt_fstat.o)
 .debug_aranges
                0x00000538       0x20 c:/Users/jongh/Documents/repo/Cyclone_V_NIOS_II/software/hello_world_bsp/\libhal_bsp.a(alt_isatty.o)
 .debug_aranges
                0x00000558       0x20 c:/Users/jongh/Documents/repo/Cyclone_V_NIOS_II/software/hello_world_bsp/\libhal_bsp.a(alt_load.o)
 .debug_aranges
                0x00000578       0x20 c:/Users/jongh/Documents/repo/Cyclone_V_NIOS_II/software/hello_world_bsp/\libhal_bsp.a(alt_lseek.o)
 .debug_aranges
                0x00000598       0x20 c:/Users/jongh/Documents/repo/Cyclone_V_NIOS_II/software/hello_world_bsp/\libhal_bsp.a(alt_main.o)
 .debug_aranges